###############################################################################
#
# IAR ELF Linker V8.30.2.160/W32 for ARM                  24/Oct/2018  12:35:01
# Copyright 2007-2018 IAR Systems AB.
#
#    Output file  =  
#        D:\src\stm32\prop-bl-test\EWARM\prop-bl-test\Exe\prop-bl-test.out
#    Map file     =  
#        D:\src\stm32\prop-bl-test\EWARM\prop-bl-test\List\prop-bl-test.map
#    Command line =  
#        -f C:\Users\user\AppData\Local\Temp\EW6DB.tmp
#        (D:\src\stm32\prop-bl-test\EWARM\prop-bl-test\Obj\hx711.o
#        D:\src\stm32\prop-bl-test\EWARM\prop-bl-test\Obj\main.o
#        D:\src\stm32\prop-bl-test\EWARM\prop-bl-test\Obj\startup_stm32f103xb.o
#        D:\src\stm32\prop-bl-test\EWARM\prop-bl-test\Obj\stm32f1xx_hal.o
#        D:\src\stm32\prop-bl-test\EWARM\prop-bl-test\Obj\stm32f1xx_hal_adc.o
#        D:\src\stm32\prop-bl-test\EWARM\prop-bl-test\Obj\stm32f1xx_hal_adc_ex.o
#        D:\src\stm32\prop-bl-test\EWARM\prop-bl-test\Obj\stm32f1xx_hal_cortex.o
#        D:\src\stm32\prop-bl-test\EWARM\prop-bl-test\Obj\stm32f1xx_hal_dma.o
#        D:\src\stm32\prop-bl-test\EWARM\prop-bl-test\Obj\stm32f1xx_hal_flash.o
#        D:\src\stm32\prop-bl-test\EWARM\prop-bl-test\Obj\stm32f1xx_hal_flash_ex.o
#        D:\src\stm32\prop-bl-test\EWARM\prop-bl-test\Obj\stm32f1xx_hal_gpio.o
#        D:\src\stm32\prop-bl-test\EWARM\prop-bl-test\Obj\stm32f1xx_hal_gpio_ex.o
#        D:\src\stm32\prop-bl-test\EWARM\prop-bl-test\Obj\stm32f1xx_hal_msp.o
#        D:\src\stm32\prop-bl-test\EWARM\prop-bl-test\Obj\stm32f1xx_hal_pcd.o
#        D:\src\stm32\prop-bl-test\EWARM\prop-bl-test\Obj\stm32f1xx_hal_pcd_ex.o
#        D:\src\stm32\prop-bl-test\EWARM\prop-bl-test\Obj\stm32f1xx_hal_pwr.o
#        D:\src\stm32\prop-bl-test\EWARM\prop-bl-test\Obj\stm32f1xx_hal_rcc.o
#        D:\src\stm32\prop-bl-test\EWARM\prop-bl-test\Obj\stm32f1xx_hal_rcc_ex.o
#        D:\src\stm32\prop-bl-test\EWARM\prop-bl-test\Obj\stm32f1xx_hal_spi.o
#        D:\src\stm32\prop-bl-test\EWARM\prop-bl-test\Obj\stm32f1xx_hal_spi_ex.o
#        D:\src\stm32\prop-bl-test\EWARM\prop-bl-test\Obj\stm32f1xx_hal_tim.o
#        D:\src\stm32\prop-bl-test\EWARM\prop-bl-test\Obj\stm32f1xx_hal_tim_ex.o
#        D:\src\stm32\prop-bl-test\EWARM\prop-bl-test\Obj\stm32f1xx_it.o
#        D:\src\stm32\prop-bl-test\EWARM\prop-bl-test\Obj\stm32f1xx_ll_usb.o
#        D:\src\stm32\prop-bl-test\EWARM\prop-bl-test\Obj\system_stm32f1xx.o
#        D:\src\stm32\prop-bl-test\EWARM\prop-bl-test\Obj\usb_device.o
#        D:\src\stm32\prop-bl-test\EWARM\prop-bl-test\Obj\usbd_cdc.o
#        D:\src\stm32\prop-bl-test\EWARM\prop-bl-test\Obj\usbd_cdc_if.o
#        D:\src\stm32\prop-bl-test\EWARM\prop-bl-test\Obj\usbd_conf.o
#        D:\src\stm32\prop-bl-test\EWARM\prop-bl-test\Obj\usbd_core.o
#        D:\src\stm32\prop-bl-test\EWARM\prop-bl-test\Obj\usbd_ctlreq.o
#        D:\src\stm32\prop-bl-test\EWARM\prop-bl-test\Obj\usbd_desc.o
#        D:\src\stm32\prop-bl-test\EWARM\prop-bl-test\Obj\usbd_ioreq.o
#        --redirect _Printf=_PrintfFull --redirect _Scanf=_ScanfFull
#        --no_out_extension -o
#        D:\src\stm32\prop-bl-test\EWARM\prop-bl-test\Exe\prop-bl-test.out
#        --map
#        D:\src\stm32\prop-bl-test\EWARM\prop-bl-test\List\prop-bl-test.map
#        --config D:\src\stm32\prop-bl-test\EWARM/stm32f103xb_flash.icf
#        --semihosting --entry __iar_program_start --vfe --text_out locale)
#
###############################################################################

*******************************************************************************
*** RUNTIME MODEL ATTRIBUTES
***

CppFlavor                     = *
__CPP_Exceptions              = Disabled
__CPP_Language                = C++14
__Heap_Handler                = Basic
__SystemLibrary               = DLib
__dlib_dynamic_initialization = normal
__dlib_version                = 6


*******************************************************************************
*** HEAP SELECTION
***

The basic heap was selected because some modules are built with
size limitations (and not runtime checking), and --advanced_heap
was not specified.


*******************************************************************************
*** PLACEMENT SUMMARY
***

"A0":  place at 0x800'0000 { ro section .intvec };
"P1":  place in [from 0x800'0000 to 0x801'ffff] { ro };
define block CSTACK with size = 1K, alignment = 8 { };
define block HEAP with size = 512, alignment = 8 { };
"P2":  place in [from 0x2000'0000 to 0x2000'4fff] {
          rw, block CSTACK, block HEAP };
initialize by copy { rw };

  Section                Kind         Address    Size  Object
  -------                ----         -------    ----  ------
"A0":                                            0xec
  .intvec                ro code   0x800'0000    0xec  startup_stm32f103xb.o [1]
                                 - 0x800'00ec    0xec

"P1":                                          0x5b6f
  .text                  ro code   0x800'00ec   0xf7a  xprintffull.o [2]
  .text                  ro code   0x800'1066    0x7a  lz77_init_single.o [5]
  .text                  ro code   0x800'10e0    0x78  xlocale_c.o [2]
  .text                  ro code   0x800'1158    0x16  strchr.o [5]
  .text                  ro code   0x800'116e    0x3a  zero_init3.o [5]
  .text                  ro code   0x800'11a8    0x40  xfail_s.o [2]
  .text                  ro code   0x800'11e8    0x36  strlen.o [5]
  .text                  ro code   0x800'121e    0x1e  xencoding_8859_1.o [2]
  .text                  ro code   0x800'123c    0x58  memchr.o [5]
  .text                  ro code   0x800'1294     0xa  xmbcurmax.o [2]
  .text                  ro code   0x800'129e     0xa  xsprout.o [2]
  .text                  ro code   0x800'12a8    0xa6  ABImemcpy.o [5]
  .rodata                const     0x800'134e     0x1  unwind_debug.o [6]
  .text                  ro code   0x800'1350   0x274  I64DivMod.o [5]
  .text                  ro code   0x800'15c4   0x1a2  DblMul.o [4]
  .text                  ro code   0x800'1768    0x70  frexp.o [4]
  .text                  ro code   0x800'17d8    0x2e  DblCmpLe.o [4]
  .text                  ro code   0x800'1808    0x2e  DblCmpGe.o [4]
  .text                  ro code   0x800'1838   0x13a  ldexp.o [4]
  .text                  ro code   0x800'1974    0x3a  DblToS32.o [4]
  .text                  ro code   0x800'19b0    0x22  S32ToDbl.o [4]
  .text                  ro code   0x800'19d4    0xe2  DblSub.o [4]
  .text                  ro code   0x800'1ab8   0x246  DblDiv.o [4]
  .text                  ro code   0x800'1d00    0x28  DblToU32.o [4]
  .text                  ro code   0x800'1d28    0x1a  U32ToDbl.o [4]
  .text                  ro code   0x800'1d42     0x6  abort.o [2]
  .text                  ro code   0x800'1d48     0x2  I64DivZer.o [5]
  .text                  ro code   0x800'1d4c   0x16a  DblAdd.o [4]
  .text                  ro code   0x800'1eb8    0x14  exit.o [6]
  .text                  ro code   0x800'1ecc   0x6b8  stm32f1xx_hal_pcd.o [1]
  .text                  ro code   0x800'2584   0x26c  usbd_conf.o [1]
  .text                  ro code   0x800'27f0   0x614  stm32f1xx_ll_usb.o [1]
  .text                  ro code   0x800'2e04    0xe2  stm32f1xx_hal_cortex.o [1]
  .text                  ro code   0x800'2ee6   0x234  usbd_core.o [1]
  .text                  ro code   0x800'311c   0x3a0  main.o [1]
  .text                  ro code   0x800'34bc    0x32  stm32f1xx_hal_pcd_ex.o [1]
  .text                  ro code   0x800'34f0   0x3aa  usbd_ctlreq.o [1]
  .text                  ro code   0x800'389a    0x60  usbd_ioreq.o [1]
  .text                  ro code   0x800'38fc   0x188  hx711.o [1]
  .text                  ro code   0x800'3a84    0x40  sprintf.o [2]
  .text                  ro code   0x800'3ac4    0xec  usbd_cdc_if.o [1]
  .text                  ro code   0x800'3bb0   0x4e6  stm32f1xx_hal_tim.o [1]
  .text                  ro code   0x800'4098    0x24  stm32f1xx_hal.o [1]
  .text                  ro code   0x800'40bc   0x1b8  stm32f1xx_hal_gpio.o [1]
  .text                  ro code   0x800'4274    0x38  usb_device.o [1]
  .text                  ro code   0x800'42ac   0x44a  stm32f1xx_hal_adc.o [1]
  .text                  ro code   0x800'46f8     0xc  stm32f1xx_hal.o [1]
  .text                  ro code   0x800'4704   0x4b2  stm32f1xx_hal_rcc.o [1]
  .text                  ro code   0x800'4bb8    0xe8  stm32f1xx_hal_rcc_ex.o [1]
  .text                  ro code   0x800'4ca0    0xa4  stm32f1xx_hal_tim_ex.o [1]
  .text                  ro code   0x800'4d44   0x20c  stm32f1xx_hal_msp.o [1]
  .text                  ro code   0x800'4f50    0x30  hx711.o [1]
  .text                  ro code   0x800'4f80    0xac  hx711.o [1]
  .text                  ro code   0x800'502c    0xb8  hx711.o [1]
  .text                  ro code   0x800'50e4   0x140  hx711.o [1]
  .text                  ro code   0x800'5224   0x230  usbd_cdc.o [1]
  .text                  ro code   0x800'5454     0x6  ABImemclr4.o [5]
  .text                  ro code   0x800'545a     0x2  stm32f1xx_hal_tim.o [1]
  .text                  ro code   0x800'545c    0x40  stm32f1xx_hal.o [1]
  .text                  ro code   0x800'549c   0x26e  stm32f1xx_hal_dma.o [1]
  .text                  ro code   0x800'570a     0x2  stm32f1xx_hal_adc.o [1]
  .text                  ro code   0x800'570c     0x2  stm32f1xx_hal_adc.o [1]
  .text                  ro code   0x800'570e     0x2  stm32f1xx_hal_adc.o [1]
  .text                  ro code   0x800'5710     0x6  hx711.o [1]
  .text                  ro code   0x800'5718    0x32  ABImemset48.o [5]
  .text                  ro code   0x800'574c    0xc0  usbd_desc.o [1]
  .text                  ro code   0x800'580c    0x94  hx711.o [1]
  .text                  ro code   0x800'58a0     0x8  hx711.o [1]
  .text                  ro code   0x800'58a8    0x24  ABIassert.o [6]
  .text                  ro code   0x800'58cc    0x5c  system_stm32f1xx.o [1]
  .text                  ro code   0x800'5928    0x34  stm32f1xx_it.o [1]
  .text                  ro code   0x800'595c    0x10  stm32f1xx_hal.o [1]
  .rodata                const     0x800'596c    0x30  hx711.o [1]
  .rodata                const     0x800'599c    0x2c  hx711.o [1]
  .text                  ro code   0x800'59c8    0x28  data_init.o [5]
  .iar.init_table        const     0x800'59f0    0x24  - Linker created -
  .text                  ro code   0x800'5a14    0x20  cmain_call_ctors.o [5]
  .text                  ro code   0x800'5a34    0x18  cppinit.o [2]
  .text                  ro code   0x800'5a4c    0x1e  cmain.o [5]
  .text                  ro code   0x800'5a6a     0x4  low_level_init.o [2]
  .text                  ro code   0x800'5a6e     0x4  exit.o [2]
  .text                  ro code   0x800'5a74     0xa  cexit.o [5]
  .text                  ro code   0x800'5a80    0x10  startup_stm32f103xb.o [1]
  .rodata                const     0x800'5a90     0xc  hx711.o [1]
  .text                  ro code   0x800'5a9c     0xc  cstartup_M.o [5]
  .rodata                const     0x800'5aa8     0x6  xlocale_c.o [2]
  .text                  ro code   0x800'5aae     0x4  startup_stm32f103xb.o [1]
  .text                  ro code   0x800'5ab2     0x4  startup_stm32f103xb.o [1]
  .text                  ro code   0x800'5ab6     0x4  startup_stm32f103xb.o [1]
  .text                  ro code   0x800'5aba     0x4  startup_stm32f103xb.o [1]
  .text                  ro code   0x800'5abe     0x4  startup_stm32f103xb.o [1]
  .text                  ro code   0x800'5ac2     0x4  startup_stm32f103xb.o [1]
  .text                  ro code   0x800'5ac6     0x4  startup_stm32f103xb.o [1]
  .text                  ro code   0x800'5aca     0x4  startup_stm32f103xb.o [1]
  .text                  ro code   0x800'5ace     0x4  startup_stm32f103xb.o [1]
  .text                  ro code   0x800'5ad2     0x4  startup_stm32f103xb.o [1]
  .text                  ro code   0x800'5ad6     0x4  startup_stm32f103xb.o [1]
  .text                  ro code   0x800'5ada     0x4  startup_stm32f103xb.o [1]
  .text                  ro code   0x800'5ade     0x4  startup_stm32f103xb.o [1]
  .text                  ro code   0x800'5ae2     0x4  startup_stm32f103xb.o [1]
  .text                  ro code   0x800'5ae6     0x4  startup_stm32f103xb.o [1]
  .text                  ro code   0x800'5aea     0x4  startup_stm32f103xb.o [1]
  .text                  ro code   0x800'5aee     0x4  startup_stm32f103xb.o [1]
  .text                  ro code   0x800'5af2     0x4  startup_stm32f103xb.o [1]
  .text                  ro code   0x800'5af6     0x4  startup_stm32f103xb.o [1]
  .text                  ro code   0x800'5afa     0x4  startup_stm32f103xb.o [1]
  .text                  ro code   0x800'5afe     0x4  startup_stm32f103xb.o [1]
  .text                  ro code   0x800'5b02     0x4  startup_stm32f103xb.o [1]
  .text                  ro code   0x800'5b06     0x4  startup_stm32f103xb.o [1]
  .text                  ro code   0x800'5b0a     0x4  startup_stm32f103xb.o [1]
  .text                  ro code   0x800'5b0e     0x4  startup_stm32f103xb.o [1]
  .text                  ro code   0x800'5b12     0x4  startup_stm32f103xb.o [1]
  .text                  ro code   0x800'5b16     0x4  startup_stm32f103xb.o [1]
  .text                  ro code   0x800'5b1a     0x4  startup_stm32f103xb.o [1]
  .text                  ro code   0x800'5b1e     0x4  startup_stm32f103xb.o [1]
  .text                  ro code   0x800'5b22     0x4  startup_stm32f103xb.o [1]
  .text                  ro code   0x800'5b26     0x4  startup_stm32f103xb.o [1]
  .text                  ro code   0x800'5b2a     0x4  startup_stm32f103xb.o [1]
  .text                  ro code   0x800'5b2e     0x4  startup_stm32f103xb.o [1]
  .text                  ro code   0x800'5b32     0x4  startup_stm32f103xb.o [1]
  .text                  ro code   0x800'5b36     0x4  startup_stm32f103xb.o [1]
  .text                  ro code   0x800'5b3a     0x4  startup_stm32f103xb.o [1]
  .text                  ro code   0x800'5b3e     0x4  startup_stm32f103xb.o [1]
  .text                  ro code   0x800'5b42     0x4  startup_stm32f103xb.o [1]
  .text                  ro code   0x800'5b46     0x4  startup_stm32f103xb.o [1]
  .text                  ro code   0x800'5b4a     0x4  startup_stm32f103xb.o [1]
  SHT$$PREINIT_ARRAY               0x800'5b50     0x0  <Block>
  SHT$$INIT_ARRAY                  0x800'5b50     0x4  <Block>
    .init_array          const     0x800'5b50     0x4  hx711.o [1]
  __iar_tls$$INIT_ARRAY            0x800'5b54     0x0  <Block>
  .rodata                const     0x800'5b54     0x0  zero_init3.o [5]
  .rodata                const     0x800'5b54     0x0  lz77_init_single.o [5]
  Initializer bytes      const     0x800'5b54   0x107  <for P2-1>
                                 - 0x800'5c5b  0x5b6f

"P2", part 1 of 3:                              0x220
  P2-1                            0x2000'0000   0x220  <Init block>
    .data                inited   0x2000'0000    0x39  hx711.o [1]
    .data                inited   0x2000'003c     0xc  stm32f1xx_hal.o [1]
    .data                inited   0x2000'0048     0x4  system_stm32f1xx.o [1]
    .data                inited   0x2000'004c     0xc  usbd_cdc.o [1]
    .data                inited   0x2000'0058    0x38  usbd_cdc.o [1]
    .data                inited   0x2000'0090    0x44  usbd_cdc.o [1]
    .data                inited   0x2000'00d4    0x44  usbd_cdc.o [1]
    .data                inited   0x2000'0118    0x44  usbd_cdc.o [1]
    .data                inited   0x2000'015c    0x10  usbd_cdc_if.o [1]
    .data                inited   0x2000'016c    0x1c  usbd_desc.o [1]
    .data                inited   0x2000'0188    0x14  usbd_desc.o [1]
    .data                inited   0x2000'019c     0x4  usbd_desc.o [1]
    .data                inited   0x2000'01a0    0x38  xlocale_c.o [2]
    .data                inited   0x2000'01d8    0x48  xlocale_c.o [2]
                                - 0x2000'0220   0x220

"P2", part 2 of 3:                             0x1590
  .bss                   zero     0x2000'0220   0x7d0  usbd_cdc_if.o [1]
  .bss                   zero     0x2000'09f0   0x460  usbd_conf.o [1]
  .bss                   zero     0x2000'0e50   0x224  usb_device.o [1]
  .bss                   zero     0x2000'1074   0x220  hx711.o [1]
  .bss                   zero     0x2000'1294   0x220  usbd_conf.o [1]
  .bss                   zero     0x2000'14b4   0x200  usbd_desc.o [1]
  .bss                   zero     0x2000'16b4    0x48  main.o [1]
  .bss                   zero     0x2000'16fc    0x44  main.o [1]
  .bss                   zero     0x2000'1740    0x40  main.o [1]
  .bss                   zero     0x2000'1780    0x28  usbd_cdc_if.o [1]
  .bss                   zero     0x2000'17a8     0x4  xfail_s.o [2]
  .bss                   zero     0x2000'17ac     0x1  usbd_cdc.o [1]
  .bss                   zero     0x2000'17ad     0x1  usbd_ctlreq.o [1]
                                - 0x2000'17ae  0x158e

"P2", part 3 of 3:                              0x400
  CSTACK                          0x2000'17b0   0x400  <Block>
    CSTACK               uninit   0x2000'17b0   0x400  <Block tail>
                                - 0x2000'1bb0   0x400

Unused ranges:

         From           To      Size
         ----           --      ----
   0x800'5c5b   0x801'ffff  0x1'a3a5
  0x2000'1bb0  0x2000'4fff    0x3450


*******************************************************************************
*** INIT TABLE
***

          Address      Size
          -------      ----
Zero (__iar_zero_init3)
    1 destination range, total size 0x158e:
          0x2000'0220  0x158e

Copy/lz77 (__iar_lz77_init_single3)
    1 source range, total size 0x107 (48% of destination):
           0x800'5b54   0x107
    1 destination range, total size 0x220:
          0x2000'0000   0x220

Extra (__iar_cstart_call_ctors)



*******************************************************************************
*** MODULE SUMMARY
***

    Module                  ro code  ro data  rw data
    ------                  -------  -------  -------
command line/config:
    -------------------------------------------------
    Total:

D:\src\stm32\prop-bl-test\EWARM\prop-bl-test\Obj: [1]
    hx711.o                   1 278      135      601
    main.o                      928               204
    startup_stm32f103xb.o       412
    stm32f1xx_hal.o             128        7       12
    stm32f1xx_hal_adc.o       1 104
    stm32f1xx_hal_cortex.o      226
    stm32f1xx_hal_dma.o         622
    stm32f1xx_hal_gpio.o        440
    stm32f1xx_hal_msp.o         524
    stm32f1xx_hal_pcd.o       1 720
    stm32f1xx_hal_pcd_ex.o       50
    stm32f1xx_hal_rcc.o       1 202
    stm32f1xx_hal_rcc_ex.o      232
    stm32f1xx_hal_tim.o       1 256
    stm32f1xx_hal_tim_ex.o      164
    stm32f1xx_it.o               52
    stm32f1xx_ll_usb.o        1 556
    system_stm32f1xx.o           92        2        4
    usb_device.o                 56               548
    usbd_cdc.o                  560      132      273
    usbd_cdc_if.o               236        7    2 056
    usbd_conf.o                 620             1 664
    usbd_core.o                 564
    usbd_ctlreq.o               938                 1
    usbd_desc.o                 192       26      564
    usbd_ioreq.o                 96
    -------------------------------------------------
    Total:                   15 248      309    5 927

dl7M_tlf.a: [2]
    abort.o                       6
    cppinit.o                    24
    exit.o                        4
    low_level_init.o              4
    sprintf.o                    64
    xencoding_8859_1.o           30
    xfail_s.o                    64                 4
    xlocale_c.o                 120       68      128
    xmbcurmax.o                  10
    xprintffull.o             3 962
    xsprout.o                    10
    -------------------------------------------------
    Total:                    4 298       68      132

dlpp7M_tl_fc.a: [3]
    -------------------------------------------------
    Total:

m7M_tl.a: [4]
    DblAdd.o                    362
    DblCmpGe.o                   46
    DblCmpLe.o                   46
    DblDiv.o                    582
    DblMul.o                    418
    DblSub.o                    226
    DblToS32.o                   58
    DblToU32.o                   40
    S32ToDbl.o                   34
    U32ToDbl.o                   26
    frexp.o                     112
    ldexp.o                     314
    -------------------------------------------------
    Total:                    2 264

rt7M_tl.a: [5]
    ABImemclr4.o                  6
    ABImemcpy.o                 166
    ABImemset48.o                50
    I64DivMod.o                 628
    I64DivZer.o                   2
    cexit.o                      10
    cmain.o                      30
    cmain_call_ctors.o           32
    cstartup_M.o                 12
    data_init.o                  40
    lz77_init_single.o          122
    memchr.o                     88
    strchr.o                     22
    strlen.o                     54
    zero_init3.o                 58
    -------------------------------------------------
    Total:                    1 320

shb_l.a: [6]
    ABIassert.o                  36
    exit.o                       20
    unwind_debug.o                         1
    -------------------------------------------------
    Total:                       56        1

    Gaps                         41                 3
    Linker created                        36    1 024
-----------------------------------------------------
    Grand Total:             23 227      414    7 086


*******************************************************************************
*** ENTRY LIST
***

Entry                       Address   Size  Type      Object
-----                       -------   ----  ----      ------
.iar.init_table$$Base    0x800'59f0          --   Gb  - Linker created -
.iar.init_table$$Limit   0x800'5a14          --   Gb  - Linker created -
?main                    0x800'5a4d         Code  Gb  cmain.o [5]
ADC_ConversionStop_Disable
                         0x800'464d   0x44  Code  Gb  stm32f1xx_hal_adc.o [1]
ADC_DMAConvCplt          0x800'4691   0x48  Code  Gb  stm32f1xx_hal_adc.o [1]
ADC_DMAError             0x800'46e1   0x16  Code  Gb  stm32f1xx_hal_adc.o [1]
ADC_DMAHalfConvCplt      0x800'46d9    0x6  Code  Gb  stm32f1xx_hal_adc.o [1]
ADC_Enable               0x800'45bf   0x6a  Code  Gb  stm32f1xx_hal_adc.o [1]
AHBPrescTable            0x800'5918   0x10  Data  Gb  system_stm32f1xx.o [1]
BusFault_Handler         0x800'592f    0x2  Code  Gb  stm32f1xx_it.o [1]
CDC_Control_FS           0x800'3ae7    0x4  Code  Lc  usbd_cdc_if.o [1]
CDC_DeInit_FS            0x800'3ae3    0x4  Code  Lc  usbd_cdc_if.o [1]
CDC_Init_FS              0x800'3ac5   0x1e  Code  Lc  usbd_cdc_if.o [1]
CDC_Receive_FS           0x800'3aeb   0x94  Code  Lc  usbd_cdc_if.o [1]
CDC_Receive_FS::cmd     0x2000'1780    0x1  Data  Lc  usbd_cdc_if.o [1]
CDC_Receive_FS::val     0x2000'1788   0x20  Data  Lc  usbd_cdc_if.o [1]
CDC_Receive_FS::valIdx  0x2000'1784    0x4  Data  Lc  usbd_cdc_if.o [1]
CDC_Transmit_FS          0x800'3b7f   0x26  Code  Gb  usbd_cdc_if.o [1]
CSTACK$$Base            0x2000'17b0          --   Gb  - Linker created -
CSTACK$$Limit           0x2000'1bb0          --   Gb  - Linker created -
CacheMore                0x800'10e5   0x24  Code  Lc  xlocale_c.o [2]
DMA1_Channel1_IRQHandler
                         0x800'5947    0x6  Code  Gb  stm32f1xx_it.o [1]
DMA_SetConfig            0x800'56e9   0x22  Code  Lc  stm32f1xx_hal_dma.o [1]
DebugMon_Handler         0x800'5935    0x2  Code  Gb  stm32f1xx_it.o [1]
FS_Desc                 0x2000'016c   0x1c  Data  Gb  usbd_desc.o [1]
HAL_ADC_ConfigChannel    0x800'44c3   0xe4  Code  Gb  stm32f1xx_hal_adc.o [1]
HAL_ADC_Init             0x800'42ad   0xf4  Code  Gb  stm32f1xx_hal_adc.o [1]
HAL_ADC_MspInit          0x800'4dd9   0x6e  Code  Gb  stm32f1xx_hal_msp.o [1]
HAL_ADC_Start_DMA        0x800'43b5  0x102  Code  Gb  stm32f1xx_hal_adc.o [1]
HAL_DMA_IRQHandler       0x800'557f  0x144  Code  Gb  stm32f1xx_hal_dma.o [1]
HAL_DMA_Init             0x800'549d   0x62  Code  Gb  stm32f1xx_hal_dma.o [1]
HAL_DMA_Start_IT         0x800'54ff   0x74  Code  Gb  stm32f1xx_hal_dma.o [1]
HAL_GPIO_Init            0x800'40bd  0x182  Code  Gb  stm32f1xx_hal_gpio.o [1]
HAL_GetTick              0x800'46f9    0xc  Code  Wk  stm32f1xx_hal.o [1]
HAL_IncTick              0x800'595d   0x10  Code  Wk  stm32f1xx_hal.o [1]
HAL_Init                 0x800'4099   0x20  Code  Gb  stm32f1xx_hal.o [1]
HAL_InitTick             0x800'545d   0x40  Code  Wk  stm32f1xx_hal.o [1]
HAL_MspInit              0x800'4d45   0x92  Code  Gb  stm32f1xx_hal_msp.o [1]
HAL_NVIC_EnableIRQ       0x800'2e73    0xa  Code  Gb  stm32f1xx_hal_cortex.o [1]
HAL_NVIC_SetPriority     0x800'2e39   0x3a  Code  Gb  stm32f1xx_hal_cortex.o [1]
HAL_NVIC_SetPriorityGrouping
                         0x800'2e1f   0x1a  Code  Gb  stm32f1xx_hal_cortex.o [1]
HAL_PCDEx_PMAConfig      0x800'34bd   0x32  Code  Gb  stm32f1xx_hal_pcd_ex.o [1]
HAL_PCDEx_SetConnectionState
                         0x800'27c3    0x2  Code  Gb  usbd_conf.o [1]
HAL_PCD_DataInStageCallback
                         0x800'25d5    0xe  Code  Gb  usbd_conf.o [1]
HAL_PCD_DataOutStageCallback
                         0x800'25c5   0x10  Code  Gb  usbd_conf.o [1]
HAL_PCD_EP_Close         0x800'211d   0x30  Code  Gb  stm32f1xx_hal_pcd.o [1]
HAL_PCD_EP_ClrStall      0x800'2217   0x42  Code  Gb  stm32f1xx_hal_pcd.o [1]
HAL_PCD_EP_GetRxCount    0x800'2183   0x10  Code  Gb  stm32f1xx_hal_pcd.o [1]
HAL_PCD_EP_Open          0x800'20e9   0x34  Code  Gb  stm32f1xx_hal_pcd.o [1]
HAL_PCD_EP_Receive       0x800'2165   0x1e  Code  Gb  stm32f1xx_hal_pcd.o [1]
HAL_PCD_EP_SetStall      0x800'21bd   0x5a  Code  Gb  stm32f1xx_hal_pcd.o [1]
HAL_PCD_EP_Transmit      0x800'2193   0x1c  Code  Gb  stm32f1xx_hal_pcd.o [1]
HAL_PCD_IRQHandler       0x800'1f95   0xfa  Code  Gb  stm32f1xx_hal_pcd.o [1]
HAL_PCD_Init             0x800'1ecd   0xa0  Code  Gb  stm32f1xx_hal_pcd.o [1]
HAL_PCD_MspInit          0x800'2585   0x34  Code  Gb  usbd_conf.o [1]
HAL_PCD_ResetCallback    0x800'25eb   0x1a  Code  Gb  usbd_conf.o [1]
HAL_PCD_ResumeCallback   0x800'2621    0x8  Code  Gb  usbd_conf.o [1]
HAL_PCD_SOFCallback      0x800'25e3    0x8  Code  Gb  usbd_conf.o [1]
HAL_PCD_SetAddress       0x800'20c5   0x1c  Code  Gb  stm32f1xx_hal_pcd.o [1]
HAL_PCD_SetupStageCallback
                         0x800'25b9    0xc  Code  Gb  usbd_conf.o [1]
HAL_PCD_Start            0x800'1f77   0x1e  Code  Gb  stm32f1xx_hal_pcd.o [1]
HAL_PCD_SuspendCallback
                         0x800'2605   0x1c  Code  Gb  usbd_conf.o [1]
HAL_RCCEx_PeriphCLKConfig
                         0x800'4bb9   0xda  Code  Gb  stm32f1xx_hal_rcc_ex.o [1]
HAL_RCC_ClockConfig      0x800'4a1d  0x10a  Code  Gb  stm32f1xx_hal_rcc.o [1]
HAL_RCC_GetHCLKFreq      0x800'4b77    0x6  Code  Gb  stm32f1xx_hal_rcc.o [1]
HAL_RCC_GetSysClockFreq
                         0x800'4b3d   0x3a  Code  Gb  stm32f1xx_hal_rcc.o [1]
HAL_RCC_GetSysClockFreq::aPLLMULFactorTable
                         0x800'4ba4   0x10  Data  Lc  stm32f1xx_hal_rcc.o [1]
HAL_RCC_GetSysClockFreq::aPredivFactorTable
                         0x800'4bb4    0x2  Data  Lc  stm32f1xx_hal_rcc.o [1]
HAL_RCC_OscConfig        0x800'4705  0x310  Code  Gb  stm32f1xx_hal_rcc.o [1]
HAL_SYSTICK_CLKSourceConfig
                         0x800'2eaf   0x1a  Code  Gb  stm32f1xx_hal_cortex.o [1]
HAL_SYSTICK_Config       0x800'2e87   0x28  Code  Gb  stm32f1xx_hal_cortex.o [1]
HAL_SYSTICK_IRQHandler   0x800'2ee1    0x4  Code  Gb  stm32f1xx_hal_cortex.o [1]
HAL_TIMEx_ConfigBreakDeadTime
                         0x800'4ca1   0x5a  Code  Gb  stm32f1xx_hal_tim_ex.o [1]
HAL_TIMEx_MasterConfigSynchronization
                         0x800'4cfb   0x4a  Code  Gb  stm32f1xx_hal_tim_ex.o [1]
HAL_TIM_Base_Init        0x800'3bb1   0x1a  Code  Gb  stm32f1xx_hal_tim.o [1]
HAL_TIM_Base_MspInit     0x800'4e47   0x8e  Code  Gb  stm32f1xx_hal_msp.o [1]
HAL_TIM_Base_Start       0x800'3bcb   0x12  Code  Gb  stm32f1xx_hal_tim.o [1]
HAL_TIM_ConfigClockSource
                         0x800'3da5   0xac  Code  Gb  stm32f1xx_hal_tim.o [1]
HAL_TIM_MspPostInit      0x800'4ed5   0x24  Code  Gb  stm32f1xx_hal_msp.o [1]
HAL_TIM_PWM_ConfigChannel
                         0x800'3cb5   0xbc  Code  Gb  stm32f1xx_hal_tim.o [1]
HAL_TIM_PWM_Init         0x800'3c05   0x1a  Code  Gb  stm32f1xx_hal_tim.o [1]
HAL_TIM_PWM_Start        0x800'3c1f    0x8  Code  Gb  stm32f1xx_hal_tim.o [1]
HX711<Spi<(unsigned int)1073819648, SystemClocksCurrent<(unsigned int)8000000>, (&clocks)>, Timer<(unsigned int)1073742848, SystemClocksCurrent<(unsigned int)8000000>, (&clocks)>, (int)2, Timer<(unsigned int)1073743872, SystemClocksCurrent<(unsigned int)8000000>, (&clocks)>, (int)1>::init(int, int)
                         0x800'50e5  0x140  Code  Gb  hx711.o [1]
HardFault_Handler        0x800'592b    0x2  Code  Gb  stm32f1xx_it.o [1]
LoadInt                  0x800'02af   0x7a  Code  Lc  xprintffull.o [2]
MX_ADC1_Init             0x800'333d   0x6e  Code  Lc  main.o [1]
MX_TIM1_Init             0x800'33b7   0xa4  Code  Lc  main.o [1]
MX_USB_DEVICE_Init       0x800'4275   0x38  Code  Gb  usb_device.o [1]
MemManage_Handler        0x800'592d    0x2  Code  Gb  stm32f1xx_it.o [1]
NMI_Handler              0x800'5929    0x2  Code  Gb  stm32f1xx_it.o [1]
NVIC_SetPriority         0x800'2e05   0x1a  Code  Lc  stm32f1xx_hal_cortex.o [1]
PCD_EP_ISR_Handler       0x800'2261  0x2ea  Code  Lc  stm32f1xx_hal_pcd.o [1]
PendSV_Handler           0x800'5937    0x2  Code  Gb  stm32f1xx_it.o [1]
Queue<Measure<int>, (int)64>::Queue()
                         0x800'4f51   0x30  Code  Gb  hx711.o [1]
Queue<Measure<int>, (int)64>::pull()
                         0x800'580d   0x94  Code  Gb  hx711.o [1]
Queue<Measure<int>, (int)64>::pull()::string
                         0x800'599c   0x2c  Data  Gb  hx711.o [1]
Queue<Measure<int>, (int)64>::pull()::string (instance 2)
                         0x800'596c   0x30  Data  Gb  hx711.o [1]
Queue<Measure<int>, (int)64>::push(Measure<int> const *, Measure<int> const *)
                         0x800'4f81   0xac  Code  Gb  hx711.o [1]
Receiver<Measure<int>>::Receiver(Measure<int> *(*)(void *, Measure<int> *, Measure<int> *), void *)
                         0x800'5711    0x6  Code  Gb  hx711.o [1]
Receiver<Measure<int>>::operator ()(Measure<int> *, Measure<int> *)
                         0x800'58a1    0x8  Code  Gb  hx711.o [1]
Region$$Table$$Base      0x800'59f0          --   Gb  - Linker created -
Region$$Table$$Limit     0x800'5a14          --   Gb  - Linker created -
SHT$$INIT_ARRAY$$Base    0x800'5b50          --   Gb  - Linker created -
SHT$$INIT_ARRAY$$Limit   0x800'5b54          --   Gb  - Linker created -
SHT$$PREINIT_ARRAY$$Base
                         0x800'5b50          --   Gb  - Linker created -
SHT$$PREINIT_ARRAY$$Limit
                         0x800'5b50          --   Gb  - Linker created -
SVC_Handler              0x800'5933    0x2  Code  Gb  stm32f1xx_it.o [1]
SysTick_Handler          0x800'5939    0xe  Code  Gb  stm32f1xx_it.o [1]
SystemClock_Config       0x800'32b5   0x88  Code  Gb  main.o [1]
SystemClocksCurrent<(unsigned int)8000000>::update()
                         0x800'502d   0xb8  Code  Gb  hx711.o [1]
SystemCoreClock         0x2000'0048    0x4  Data  Gb  system_stm32f1xx.o [1]
SystemInit               0x800'58cd   0x3c  Code  Gb  system_stm32f1xx.o [1]
TIM3_IRQHandler          0x800'3951   0x62  Code  Gb  hx711.o [1]
TIM_Base_SetConfig       0x800'3e7b   0x5e  Code  Gb  stm32f1xx_hal_tim.o [1]
TIM_CCxChannelCmd        0x800'407f   0x12  Code  Gb  stm32f1xx_hal_tim.o [1]
TIM_ETR_SetConfig        0x800'406b   0x14  Code  Lc  stm32f1xx_hal_tim.o [1]
TIM_ITRx_SetConfig       0x800'405b   0x10  Code  Lc  stm32f1xx_hal_tim.o [1]
TIM_OC1_SetConfig        0x800'3ed9   0x4a  Code  Lc  stm32f1xx_hal_tim.o [1]
TIM_OC2_SetConfig        0x800'3f23   0x52  Code  Gb  stm32f1xx_hal_tim.o [1]
TIM_OC3_SetConfig        0x800'3f75   0x50  Code  Lc  stm32f1xx_hal_tim.o [1]
TIM_OC4_SetConfig        0x800'3fc5   0x40  Code  Lc  stm32f1xx_hal_tim.o [1]
TIM_TI1_ConfigInputStage
                         0x800'4019   0x1e  Code  Lc  stm32f1xx_hal_tim.o [1]
TIM_TI2_ConfigInputStage
                         0x800'4037   0x24  Code  Lc  stm32f1xx_hal_tim.o [1]
USBD_CDC                0x2000'0058   0x38  Data  Gb  usbd_cdc.o [1]
USBD_CDC_CfgFSDesc      0x2000'00d4   0x44  Data  Gb  usbd_cdc.o [1]
USBD_CDC_CfgHSDesc      0x2000'0090   0x44  Data  Gb  usbd_cdc.o [1]
USBD_CDC_DataIn          0x800'533f   0x14  Code  Lc  usbd_cdc.o [1]
USBD_CDC_DataOut         0x800'5353   0x2a  Code  Lc  usbd_cdc.o [1]
USBD_CDC_DeInit          0x800'52a3   0x36  Code  Lc  usbd_cdc.o [1]
USBD_CDC_DeviceQualifierDesc
                        0x2000'004c    0xc  Data  Lc  usbd_cdc.o [1]
USBD_CDC_EP0_RxReady     0x800'537d   0x26  Code  Lc  usbd_cdc.o [1]
USBD_CDC_GetDeviceQualifierDescriptor
                         0x800'53bb    0x8  Code  Gb  usbd_cdc.o [1]
USBD_CDC_GetFSCfgDesc    0x800'53a3    0x8  Code  Lc  usbd_cdc.o [1]
USBD_CDC_GetHSCfgDesc    0x800'53ab    0x8  Code  Lc  usbd_cdc.o [1]
USBD_CDC_GetOtherSpeedCfgDesc
                         0x800'53b3    0x8  Code  Lc  usbd_cdc.o [1]
USBD_CDC_Init            0x800'5225   0x74  Code  Lc  usbd_cdc.o [1]
USBD_CDC_OtherSpeedCfgDesc
                        0x2000'0118   0x44  Data  Gb  usbd_cdc.o [1]
USBD_CDC_ReceivePacket   0x800'542f   0x26  Code  Gb  usbd_cdc.o [1]
USBD_CDC_RegisterInterface
                         0x800'53d9    0xe  Code  Gb  usbd_cdc.o [1]
USBD_CDC_SetRxBuffer     0x800'53f7    0xc  Code  Gb  usbd_cdc.o [1]
USBD_CDC_SetTxBuffer     0x800'53e7   0x10  Code  Gb  usbd_cdc.o [1]
USBD_CDC_Setup           0x800'52d9   0x66  Code  Lc  usbd_cdc.o [1]
USBD_CDC_Setup::ifalt   0x2000'17ac    0x1  Data  Lc  usbd_cdc.o [1]
USBD_CDC_TransmitPacket
                         0x800'5403   0x2c  Code  Gb  usbd_cdc.o [1]
USBD_ClrClassConfig      0x800'2f3d    0xa  Code  Gb  usbd_core.o [1]
USBD_CtlContinueRx       0x800'38cf    0x4  Code  Gb  usbd_ioreq.o [1]
USBD_CtlContinueSendData
                         0x800'38ab    0x4  Code  Gb  usbd_ioreq.o [1]
USBD_CtlError            0x800'383f   0x16  Code  Gb  usbd_ctlreq.o [1]
USBD_CtlPrepareRx        0x800'38bb   0x14  Code  Gb  usbd_ioreq.o [1]
USBD_CtlReceiveStatus    0x800'38ed    0xe  Code  Gb  usbd_ioreq.o [1]
USBD_CtlSendData         0x800'389b   0x10  Code  Gb  usbd_ioreq.o [1]
USBD_CtlSendStatus       0x800'38df    0xe  Code  Gb  usbd_ioreq.o [1]
USBD_FS_ConfigStrDescriptor
                         0x800'579d    0xc  Code  Gb  usbd_desc.o [1]
USBD_FS_DeviceDesc      0x2000'0188   0x14  Data  Gb  usbd_desc.o [1]
USBD_FS_DeviceDescriptor
                         0x800'574d    0x8  Code  Gb  usbd_desc.o [1]
USBD_FS_InterfaceStrDescriptor
                         0x800'57a9    0xc  Code  Gb  usbd_desc.o [1]
USBD_FS_LangIDStrDescriptor
                         0x800'5755    0x8  Code  Gb  usbd_desc.o [1]
USBD_FS_ManufacturerStrDescriptor
                         0x800'5769    0xa  Code  Gb  usbd_desc.o [1]
USBD_FS_ProductStrDescriptor
                         0x800'575d    0xc  Code  Gb  usbd_desc.o [1]
USBD_FS_SerialStrDescriptor
                         0x800'577d    0xc  Code  Gb  usbd_desc.o [1]
USBD_GetDescriptor       0x800'3725   0xf2  Code  Lc  usbd_ctlreq.o [1]
USBD_GetString           0x800'3855   0x46  Code  Gb  usbd_ctlreq.o [1]
USBD_Init                0x800'2ee7   0x26  Code  Gb  usbd_core.o [1]
USBD_Interface_fops_FS  0x2000'015c   0x10  Data  Gb  usbd_cdc_if.o [1]
USBD_LL_ClearStallEP     0x800'271b   0x1a  Code  Gb  usbd_conf.o [1]
USBD_LL_CloseEP          0x800'26e7   0x1a  Code  Gb  usbd_conf.o [1]
USBD_LL_DataInStage      0x800'3003   0x98  Code  Gb  usbd_core.o [1]
USBD_LL_DataOutStage     0x800'2f9d   0x66  Code  Gb  usbd_core.o [1]
USBD_LL_GetRxDataSize    0x800'279f    0x8  Code  Gb  usbd_conf.o [1]
USBD_LL_Init             0x800'2629   0x84  Code  Gb  usbd_conf.o [1]
USBD_LL_IsStallEP        0x800'2735   0x1c  Code  Gb  usbd_conf.o [1]
USBD_LL_OpenEP           0x800'26c7   0x20  Code  Gb  usbd_conf.o [1]
USBD_LL_PrepareReceive   0x800'2785   0x1a  Code  Gb  usbd_conf.o [1]
USBD_LL_Reset            0x800'309b   0x40  Code  Gb  usbd_core.o [1]
USBD_LL_Resume           0x800'30f1    0xc  Code  Gb  usbd_core.o [1]
USBD_LL_SOF              0x800'30fd   0x18  Code  Gb  usbd_core.o [1]
USBD_LL_SetSpeed         0x800'30db    0x6  Code  Gb  usbd_core.o [1]
USBD_LL_SetUSBAddress    0x800'2751   0x1a  Code  Gb  usbd_conf.o [1]
USBD_LL_SetupStage       0x800'2f47   0x56  Code  Gb  usbd_core.o [1]
USBD_LL_StallEP          0x800'2701   0x1a  Code  Gb  usbd_conf.o [1]
USBD_LL_Start            0x800'26ad   0x1a  Code  Gb  usbd_conf.o [1]
USBD_LL_Suspend          0x800'30e1   0x10  Code  Gb  usbd_core.o [1]
USBD_LL_Transmit         0x800'276b   0x1a  Code  Gb  usbd_conf.o [1]
USBD_LangIDDesc         0x2000'019c    0x4  Data  Gb  usbd_desc.o [1]
USBD_ParseSetupRequest   0x800'3817   0x28  Code  Gb  usbd_ctlreq.o [1]
USBD_RegisterClass       0x800'2f0d   0x10  Code  Gb  usbd_core.o [1]
USBD_SetClassConfig      0x800'2f27   0x16  Code  Gb  usbd_core.o [1]
USBD_SetConfig::cfgidx  0x2000'17ad    0x1  Data  Lc  usbd_ctlreq.o [1]
USBD_Start               0x800'2f1d    0xa  Code  Gb  usbd_core.o [1]
USBD_StdDevReq           0x800'34f1  0x12c  Code  Gb  usbd_ctlreq.o [1]
USBD_StdEPReq            0x800'365d   0xbc  Code  Gb  usbd_ctlreq.o [1]
USBD_StdItfReq           0x800'3627   0x30  Code  Gb  usbd_ctlreq.o [1]
USBD_StrDesc            0x2000'14b4  0x200  Data  Gb  usbd_desc.o [1]
USBD_static_free         0x800'27c1    0x2  Code  Gb  usbd_conf.o [1]
USBD_static_malloc       0x800'27a7    0x4  Code  Gb  usbd_conf.o [1]
USBD_static_malloc::mem
                        0x2000'1294  0x220  Data  Lc  usbd_conf.o [1]
USB_ActivateEndpoint     0x800'282d  0x20a  Code  Gb  stm32f1xx_ll_usb.o [1]
USB_CoreInit             0x800'27f1    0x4  Code  Gb  stm32f1xx_ll_usb.o [1]
USB_DeactivateEndpoint   0x800'2a67   0xcc  Code  Gb  stm32f1xx_ll_usb.o [1]
USB_DevConnect           0x800'2da1    0x4  Code  Gb  stm32f1xx_ll_usb.o [1]
USB_DevDisconnect        0x800'2da5    0x4  Code  Gb  stm32f1xx_ll_usb.o [1]
USB_DevInit              0x800'280d   0x1a  Code  Gb  stm32f1xx_ll_usb.o [1]
USB_DisableGlobalInt     0x800'27ff    0xa  Code  Gb  stm32f1xx_ll_usb.o [1]
USB_EP0_OutStart         0x800'2daf    0x4  Code  Gb  stm32f1xx_ll_usb.o [1]
USB_EPClearStall         0x800'2d27   0x6e  Code  Gb  stm32f1xx_ll_usb.o [1]
USB_EPSetStall           0x800'2cdd   0x4a  Code  Gb  stm32f1xx_ll_usb.o [1]
USB_EPStartXfer          0x800'2b61  0x13e  Code  Gb  stm32f1xx_ll_usb.o [1]
USB_EnableGlobalInt      0x800'27f5    0xa  Code  Gb  stm32f1xx_ll_usb.o [1]
USB_LP_CAN1_RX0_IRQHandler
                         0x800'594d    0x6  Code  Gb  stm32f1xx_it.o [1]
USB_ReadInterrupts       0x800'2da9    0x6  Code  Gb  stm32f1xx_ll_usb.o [1]
USB_ReadPMA              0x800'2de9   0x1c  Code  Gb  stm32f1xx_ll_usb.o [1]
USB_SetCurrentMode       0x800'2809    0x4  Code  Gb  stm32f1xx_ll_usb.o [1]
USB_SetDevAddress        0x800'2d95    0xc  Code  Gb  stm32f1xx_ll_usb.o [1]
USB_WritePMA             0x800'2dc5   0x24  Code  Gb  stm32f1xx_ll_usb.o [1]
UsageFault_Handler       0x800'5931    0x2  Code  Gb  stm32f1xx_it.o [1]
UserRxBufferFS          0x2000'0220  0x3e8  Data  Gb  usbd_cdc_if.o [1]
UserTxBufferFS          0x2000'0608  0x3e8  Data  Gb  usbd_cdc_if.o [1]
Virtual function table for Queue<Measure<int>, (int)64>
                         0x800'5a90    0xc  Data  Gb  hx711.o [1]
_Encoding_8859_1_Mbrlen
                         0x800'1231    0x2  Code  Gb  xencoding_8859_1.o [2]
_Encoding_8859_1_Wctomb
                         0x800'121f   0x12  Code  Gb  xencoding_8859_1.o [2]
_Error_Handler           0x800'348d    0x2  Code  Gb  main.o [1]
_GenldFull               0x800'0d41  0x274  Code  Lc  xprintffull.o [2]
_LdtobFull               0x800'0915  0x400  Code  Lc  xprintffull.o [2]
_LitobFull               0x800'07bd  0x112  Code  Lc  xprintffull.o [2]
_Locale_lconv           0x2000'01a0   0x38  Data  Lc  xlocale_c.o [2]
_PrintfFull              0x800'00ed  0x1aa  Code  Gb  xprintffull.o [2]
_PutcharsFull            0x800'0fb5   0x2e  Code  Lc  xprintffull.o [2]
_PutfldFull              0x800'0329  0x2d8  Code  Lc  xprintffull.o [2]
_PutstrFull              0x800'06f7   0xc6  Code  Lc  xprintffull.o [2]
_PuttxtFull              0x800'0601   0xf6  Code  Lc  xprintffull.o [2]
_SProut                  0x800'129f    0xa  Code  Gb  xsprout.o [2]
__aeabi_assert           0x800'58a9   0x24  Code  Gb  ABIassert.o [6]
__aeabi_cdcmple          0x800'17d9         Code  Gb  DblCmpLe.o [4]
__aeabi_cdrcmple         0x800'1809         Code  Gb  DblCmpGe.o [4]
__aeabi_d2iz             0x800'1975         Code  Gb  DblToS32.o [4]
__aeabi_d2uiz            0x800'1d01         Code  Gb  DblToU32.o [4]
__aeabi_ddiv             0x800'1ab9         Code  Gb  DblDiv.o [4]
__aeabi_dmul             0x800'15c5         Code  Gb  DblMul.o [4]
__aeabi_dsub             0x800'19d5         Code  Gb  DblSub.o [4]
__aeabi_i2d              0x800'19b1         Code  Gb  S32ToDbl.o [4]
__aeabi_ldiv0            0x800'1d49         Code  Gb  I64DivZer.o [5]
__aeabi_ldivmod          0x800'1351         Code  Gb  I64DivMod.o [5]
__aeabi_memclr4          0x800'5455         Code  Gb  ABImemclr4.o [5]
__aeabi_memcpy           0x800'12a9         Code  Gb  ABImemcpy.o [5]
__aeabi_memcpy4          0x800'12c9         Code  Gb  ABImemcpy.o [5]
__aeabi_memcpy8          0x800'12c9         Code  Gb  ABImemcpy.o [5]
__aeabi_ui2d             0x800'1d29         Code  Gb  U32ToDbl.o [4]
__aeabi_uldivmod         0x800'1395         Code  Gb  I64DivMod.o [5]
__call_ctors             0x800'5a35   0x18  Code  Gb  cppinit.o [2]
__cmain                  0x800'5a4d         Code  Gb  cmain.o [5]
__exit                   0x800'1eb9   0x14  Code  Gb  exit.o [6]
__iar_Fail_s             0x800'11a9   0x1c  Code  Gb  xfail_s.o [2]
__iar_Mbcurmax           0x800'1295    0xa  Code  Gb  xmbcurmax.o [2]
__iar_Memchr             0x800'123d         Code  Gb  memchr.o [5]
__iar_Memset4_word       0x800'5719         Code  Gb  ABImemset48.o [5]
__iar_Memset8_word       0x800'5719         Code  Gb  ABImemset48.o [5]
__iar_Strchr             0x800'1159         Code  Gb  strchr.o [5]
__iar_cstart_call_ctors
                         0x800'5a15   0x20  Code  Gb  cmain_call_ctors.o [5]
__iar_dadd               0x800'19e5         Code  Gb  DblSub.o [4]
__iar_data_init3         0x800'59c9   0x28  Code  Gb  data_init.o [5]
__iar_debug_exceptions   0x800'134e    0x1  Data  Gb  unwind_debug.o [6]
__iar_dsub               0x800'1d4d         Code  Gb  DblAdd.o [4]
__iar_dsubStart          0x800'1d5f         Code  Gb  DblAdd.o [4]
__iar_frexp              0x800'1775         Code  Gb  frexp.o [4]
__iar_frexp64            0x800'1769         Code  Gb  frexp.o [4]
__iar_frexpl             0x800'1775         Code  Gb  frexp.o [4]
__iar_globLocale        0x2000'01d8   0x48  Data  Lc  xlocale_c.o [2]
__iar_global_Locale      0x800'10e1    0x4  Code  Gb  xlocale_c.o [2]
__iar_ldexp64            0x800'1839         Code  Gb  ldexp.o [4]
__iar_lz77_init_single3
                         0x800'1067   0x7a  Code  Gb  lz77_init_single.o [5]
__iar_program_start      0x800'5a9d         Code  Gb  cstartup_M.o [5]
__iar_scalbln64          0x800'1839         Code  Gb  ldexp.o [4]
__iar_scalbn64           0x800'1839         Code  Gb  ldexp.o [4]
__iar_tls$$INIT_ARRAY$$Base
                         0x800'5b54          --   Gb  - Linker created -
__iar_tls$$INIT_ARRAY$$Limit
                         0x800'5b54          --   Gb  - Linker created -
__iar_zero_init3         0x800'116f   0x3a  Code  Gb  zero_init3.o [5]
__low_level_init         0x800'5a6b    0x4  Code  Gb  low_level_init.o [2]
__sti__routine           0x800'38fd    0x6  Code  Lc  hx711.o [1]
__vector_table           0x800'0000         Data  Gb  startup_stm32f103xb.o [1]
_call_main               0x800'5a59         Code  Gb  cmain.o [5]
_exit                    0x800'5a75         Code  Gb  cexit.o [5]
_gLocale_mblen           0x800'1145    0x4  Code  Gb  xlocale_c.o [2]
_gLocale_mblenInt        0x800'1109   0x2c  Code  Gb  xlocale_c.o [2]
_gLocale_wctomb          0x800'1149    0x4  Code  Gb  xlocale_c.o [2]
_gLocale_wctombInt       0x800'1141    0x4  Code  Gb  xlocale_c.o [2]
_main                    0x800'5a67         Code  Gb  cmain.o [5]
abort                    0x800'1d43    0x6  Code  Gb  abort.o [2]
adcData                 0x2000'16b4   0x10  Data  Gb  main.o [1]
afio                    0x2000'0024    0x4  Data  Gb  hx711.o [1]
clocks                  0x2000'0004   0x1c  Data  Gb  hx711.o [1]
data                    0x2000'0000    0x4  Data  Gb  hx711.o [1]
dc                      0x2000'0034    0x4  Data  Gb  hx711.o [1]
exit                     0x800'5a6f    0x4  Code  Gb  exit.o [2]
frexp                    0x800'1769         Code  Gb  frexp.o [4]
frexpl                   0x800'1769         Code  Gb  frexp.o [4]
hUsbDeviceFS            0x2000'0e50  0x224  Data  Gb  usb_device.o [1]
hadc1                   0x2000'16c4   0x30  Data  Gb  main.o [1]
hdma_adc1               0x2000'16fc   0x44  Data  Gb  main.o [1]
hpcd_USB_FS             0x2000'09f0  0x460  Data  Gb  usbd_conf.o [1]
htim1                   0x2000'1740   0x40  Data  Gb  main.o [1]
hx                      0x2000'0038    0x1  Data  Gb  hx711.o [1]
initHX711                0x800'39b3   0x60  Code  Gb  hx711.o [1]
ldexp                    0x800'1839         Code  Gb  ldexp.o [4]
ldexpl                   0x800'1839         Code  Gb  ldexp.o [4]
localeconv               0x800'114d    0x4  Code  Gb  xlocale_c.o [2]
main                     0x800'3181  0x134  Code  Gb  main.o [1]
memchr                   0x800'123d         Code  Gb  memchr.o [5]
pollHX711                0x800'3a13   0x4e  Code  Gb  hx711.o [1]
printOk                 0x2000'16f8    0x4  Data  Gb  main.o [1]
printState              0x2000'16f4    0x4  Data  Gb  main.o [1]
queue                   0x2000'1074  0x220  Data  Gb  hx711.o [1]
rcc_                    0x2000'0020    0x4  Data  Gb  hx711.o [1]
readAverageForce         0x800'3903   0x4e  Code  Gb  hx711.o [1]
runCmd                   0x800'311d   0x64  Code  Gb  main.o [1]
scalbln                  0x800'1839         Code  Gb  ldexp.o [4]
scalblnl                 0x800'1839         Code  Gb  ldexp.o [4]
scalbn                   0x800'1839         Code  Gb  ldexp.o [4]
scalbnl                  0x800'1839         Code  Gb  ldexp.o [4]
scale                    0x800'08cf   0x46  Code  Lc  xprintffull.o [2]
sec_hand                0x2000'17a8    0x4  Data  Lc  xfail_s.o [2]
sp                      0x2000'0030    0x4  Data  Gb  hx711.o [1]
sprintf                  0x800'3a85   0x40  Code  Gb  sprintf.o [2]
strchr                   0x800'1159         Code  Gb  strchr.o [5]
strlen                   0x800'11e9         Code  Gb  strlen.o [5]
t2                      0x2000'002c    0x4  Data  Gb  hx711.o [1]
t3                      0x2000'0028    0x4  Data  Gb  hx711.o [1]
uwTick                  0x2000'0040    0x4  Data  Gb  stm32f1xx_hal.o [1]
uwTickFreq              0x2000'003c    0x1  Data  Gb  stm32f1xx_hal.o [1]
uwTickPrio              0x2000'0044    0x4  Data  Gb  stm32f1xx_hal.o [1]


[1] = D:\src\stm32\prop-bl-test\EWARM\prop-bl-test\Obj
[2] = dl7M_tlf.a
[3] = dlpp7M_tl_fc.a
[4] = m7M_tl.a
[5] = rt7M_tl.a
[6] = shb_l.a

  23 227 bytes of readonly  code memory
     414 bytes of readonly  data memory
   7 086 bytes of readwrite data memory

Errors: none
Warnings: none
