Archive member included to satisfy reference by file (symbol)

d:/tools/systemworkbench/plugins/fr.ac6.mcu.externaltools.arm-none.win32_1.16.0.201807130628/tools/compiler/bin/../lib/gcc/arm-none-eabi/7.2.1/../../../../arm-none-eabi/lib/thumb/v7-m\libc_nano.a(lib_a-exit.o)
                              d:/tools/systemworkbench/plugins/fr.ac6.mcu.externaltools.arm-none.win32_1.16.0.201807130628/tools/compiler/bin/../lib/gcc/arm-none-eabi/7.2.1/../../../../arm-none-eabi/lib/thumb/v7-m/crt0.o (exit)
d:/tools/systemworkbench/plugins/fr.ac6.mcu.externaltools.arm-none.win32_1.16.0.201807130628/tools/compiler/bin/../lib/gcc/arm-none-eabi/7.2.1/../../../../arm-none-eabi/lib/thumb/v7-m\libc_nano.a(lib_a-impure.o)
                              d:/tools/systemworkbench/plugins/fr.ac6.mcu.externaltools.arm-none.win32_1.16.0.201807130628/tools/compiler/bin/../lib/gcc/arm-none-eabi/7.2.1/../../../../arm-none-eabi/lib/thumb/v7-m\libc_nano.a(lib_a-exit.o) (_global_impure_ptr)
d:/tools/systemworkbench/plugins/fr.ac6.mcu.externaltools.arm-none.win32_1.16.0.201807130628/tools/compiler/bin/../lib/gcc/arm-none-eabi/7.2.1/../../../../arm-none-eabi/lib/thumb/v7-m\libc_nano.a(lib_a-init.o)
                              d:/tools/systemworkbench/plugins/fr.ac6.mcu.externaltools.arm-none.win32_1.16.0.201807130628/tools/compiler/bin/../lib/gcc/arm-none-eabi/7.2.1/../../../../arm-none-eabi/lib/thumb/v7-m/crt0.o (__libc_init_array)
d:/tools/systemworkbench/plugins/fr.ac6.mcu.externaltools.arm-none.win32_1.16.0.201807130628/tools/compiler/bin/../lib/gcc/arm-none-eabi/7.2.1/../../../../arm-none-eabi/lib/thumb/v7-m\libc_nano.a(lib_a-memset.o)
                              d:/tools/systemworkbench/plugins/fr.ac6.mcu.externaltools.arm-none.win32_1.16.0.201807130628/tools/compiler/bin/../lib/gcc/arm-none-eabi/7.2.1/../../../../arm-none-eabi/lib/thumb/v7-m/crt0.o (memset)
d:/tools/systemworkbench/plugins/fr.ac6.mcu.externaltools.arm-none.win32_1.16.0.201807130628/tools/compiler/bin/../lib/gcc/arm-none-eabi/7.2.1/../../../../arm-none-eabi/lib/thumb/v7-m\libnosys.a(_exit.o)
                              d:/tools/systemworkbench/plugins/fr.ac6.mcu.externaltools.arm-none.win32_1.16.0.201807130628/tools/compiler/bin/../lib/gcc/arm-none-eabi/7.2.1/../../../../arm-none-eabi/lib/thumb/v7-m\libc_nano.a(lib_a-exit.o) (_exit)

Allocating common symbols
Common symbol       size              file

hUsbDeviceFS        0x224             Application/User/usb_device.o
hi2c1               0x54              Application/User/main.o
uwTick              0x4               Drivers/STM32F1xx_HAL_Driver/stm32f1xx_hal.o
pFlash              0x20              Drivers/STM32F1xx_HAL_Driver/stm32f1xx_hal_flash.o
UserRxBufferFS      0x3e8             Application/User/usbd_cdc_if.o
hadc1               0x30              Application/User/main.o
UserTxBufferFS      0x3e8             Application/User/usbd_cdc_if.o
htim1               0x40              Application/User/main.o
htim2               0x40              Application/User/main.o
hpcd_USB_FS         0x460             Application/User/usbd_conf.o
USBD_StrDesc        0x200             Application/User/usbd_desc.o

Discarded input sections

 .text          0x00000000        0x0 d:/tools/systemworkbench/plugins/fr.ac6.mcu.externaltools.arm-none.win32_1.16.0.201807130628/tools/compiler/bin/../lib/gcc/arm-none-eabi/7.2.1/thumb/v7-m/crti.o
 .data          0x00000000        0x0 d:/tools/systemworkbench/plugins/fr.ac6.mcu.externaltools.arm-none.win32_1.16.0.201807130628/tools/compiler/bin/../lib/gcc/arm-none-eabi/7.2.1/thumb/v7-m/crti.o
 .bss           0x00000000        0x0 d:/tools/systemworkbench/plugins/fr.ac6.mcu.externaltools.arm-none.win32_1.16.0.201807130628/tools/compiler/bin/../lib/gcc/arm-none-eabi/7.2.1/thumb/v7-m/crti.o
 .data          0x00000000        0x4 d:/tools/systemworkbench/plugins/fr.ac6.mcu.externaltools.arm-none.win32_1.16.0.201807130628/tools/compiler/bin/../lib/gcc/arm-none-eabi/7.2.1/thumb/v7-m/crtbegin.o
 .text          0x00000000       0x74 d:/tools/systemworkbench/plugins/fr.ac6.mcu.externaltools.arm-none.win32_1.16.0.201807130628/tools/compiler/bin/../lib/gcc/arm-none-eabi/7.2.1/../../../../arm-none-eabi/lib/thumb/v7-m/crt0.o
 .data          0x00000000        0x0 d:/tools/systemworkbench/plugins/fr.ac6.mcu.externaltools.arm-none.win32_1.16.0.201807130628/tools/compiler/bin/../lib/gcc/arm-none-eabi/7.2.1/../../../../arm-none-eabi/lib/thumb/v7-m/crt0.o
 .bss           0x00000000        0x0 d:/tools/systemworkbench/plugins/fr.ac6.mcu.externaltools.arm-none.win32_1.16.0.201807130628/tools/compiler/bin/../lib/gcc/arm-none-eabi/7.2.1/../../../../arm-none-eabi/lib/thumb/v7-m/crt0.o
 .ARM.extab     0x00000000        0x0 d:/tools/systemworkbench/plugins/fr.ac6.mcu.externaltools.arm-none.win32_1.16.0.201807130628/tools/compiler/bin/../lib/gcc/arm-none-eabi/7.2.1/../../../../arm-none-eabi/lib/thumb/v7-m/crt0.o
[...]
Memory Configuration

Name             Origin             Length             Attributes
RAM              0x20000000         0x00005000         xrw
FLASH            0x08000000         0x00010000         xr
*default*        0x00000000         0xffffffff

Linker script and memory map

LOAD d:/tools/systemworkbench/plugins/fr.ac6.mcu.externaltools.arm-none.win32_1.16.0.201807130628/tools/compiler/bin/../lib/gcc/arm-none-eabi/7.2.1/thumb/v7-m/crti.o
LOAD d:/tools/systemworkbench/plugins/fr.ac6.mcu.externaltools.arm-none.win32_1.16.0.201807130628/tools/compiler/bin/../lib/gcc/arm-none-eabi/7.2.1/thumb/v7-m/crtbegin.o
LOAD d:/tools/systemworkbench/plugins/fr.ac6.mcu.externaltools.arm-none.win32_1.16.0.201807130628/tools/compiler/bin/../lib/gcc/arm-none-eabi/7.2.1/../../../../arm-none-eabi/lib/thumb/v7-m/crt0.o
LOAD Application/SW4STM32/startup_stm32f103xb.o
LOAD Application/User/main.o
LOAD Application/User/stm32f1xx_hal_msp.o
LOAD Application/User/stm32f1xx_it.o
LOAD Application/User/usb_device.o
LOAD Application/User/usbd_cdc_if.o
LOAD Application/User/usbd_conf.o
LOAD Application/User/usbd_desc.o
LOAD Drivers/CMSIS/system_stm32f1xx.o
LOAD Drivers/STM32F1xx_HAL_Driver/stm32f1xx_hal.o
LOAD Drivers/STM32F1xx_HAL_Driver/stm32f1xx_hal_adc.o
LOAD Drivers/STM32F1xx_HAL_Driver/stm32f1xx_hal_adc_ex.o
LOAD Drivers/STM32F1xx_HAL_Driver/stm32f1xx_hal_cortex.o
LOAD Drivers/STM32F1xx_HAL_Driver/stm32f1xx_hal_dma.o
LOAD Drivers/STM32F1xx_HAL_Driver/stm32f1xx_hal_flash.o
LOAD Drivers/STM32F1xx_HAL_Driver/stm32f1xx_hal_flash_ex.o
LOAD Drivers/STM32F1xx_HAL_Driver/stm32f1xx_hal_gpio.o
LOAD Drivers/STM32F1xx_HAL_Driver/stm32f1xx_hal_gpio_ex.o
LOAD Drivers/STM32F1xx_HAL_Driver/stm32f1xx_hal_i2c.o
LOAD Drivers/STM32F1xx_HAL_Driver/stm32f1xx_hal_pcd.o
LOAD Drivers/STM32F1xx_HAL_Driver/stm32f1xx_hal_pcd_ex.o
LOAD Drivers/STM32F1xx_HAL_Driver/stm32f1xx_hal_pwr.o
LOAD Drivers/STM32F1xx_HAL_Driver/stm32f1xx_hal_rcc.o
LOAD Drivers/STM32F1xx_HAL_Driver/stm32f1xx_hal_rcc_ex.o
LOAD Drivers/STM32F1xx_HAL_Driver/stm32f1xx_hal_tim.o
LOAD Drivers/STM32F1xx_HAL_Driver/stm32f1xx_hal_tim_ex.o
LOAD Drivers/STM32F1xx_HAL_Driver/stm32f1xx_ll_usb.o
LOAD Middlewares/USB_Device_Library/usbd_cdc.o
LOAD Middlewares/USB_Device_Library/usbd_core.o
LOAD Middlewares/USB_Device_Library/usbd_ctlreq.o
LOAD Middlewares/USB_Device_Library/usbd_ioreq.o
LOAD d:/tools/systemworkbench/plugins/fr.ac6.mcu.externaltools.arm-none.win32_1.16.0.201807130628/tools/compiler/bin/../lib/gcc/arm-none-eabi/7.2.1/../../../../arm-none-eabi/lib/thumb/v7-m\libm.a
START GROUP
LOAD d:/tools/systemworkbench/plugins/fr.ac6.mcu.externaltools.arm-none.win32_1.16.0.201807130628/tools/compiler/bin/../lib/gcc/arm-none-eabi/7.2.1/thumb/v7-m\libgcc.a
LOAD d:/tools/systemworkbench/plugins/fr.ac6.mcu.externaltools.arm-none.win32_1.16.0.201807130628/tools/compiler/bin/../lib/gcc/arm-none-eabi/7.2.1/../../../../arm-none-eabi/lib/thumb/v7-m\libc_nano.a
END GROUP
START GROUP
LOAD d:/tools/systemworkbench/plugins/fr.ac6.mcu.externaltools.arm-none.win32_1.16.0.201807130628/tools/compiler/bin/../lib/gcc/arm-none-eabi/7.2.1/thumb/v7-m\libgcc.a
LOAD d:/tools/systemworkbench/plugins/fr.ac6.mcu.externaltools.arm-none.win32_1.16.0.201807130628/tools/compiler/bin/../lib/gcc/arm-none-eabi/7.2.1/../../../../arm-none-eabi/lib/thumb/v7-m\libc_nano.a
LOAD d:/tools/systemworkbench/plugins/fr.ac6.mcu.externaltools.arm-none.win32_1.16.0.201807130628/tools/compiler/bin/../lib/gcc/arm-none-eabi/7.2.1/../../../../arm-none-eabi/lib/thumb/v7-m\libnosys.a
END GROUP
START GROUP
LOAD d:/tools/systemworkbench/plugins/fr.ac6.mcu.externaltools.arm-none.win32_1.16.0.201807130628/tools/compiler/bin/../lib/gcc/arm-none-eabi/7.2.1/thumb/v7-m\libgcc.a
LOAD d:/tools/systemworkbench/plugins/fr.ac6.mcu.externaltools.arm-none.win32_1.16.0.201807130628/tools/compiler/bin/../lib/gcc/arm-none-eabi/7.2.1/../../../../arm-none-eabi/lib/thumb/v7-m\libc_nano.a
LOAD d:/tools/systemworkbench/plugins/fr.ac6.mcu.externaltools.arm-none.win32_1.16.0.201807130628/tools/compiler/bin/../lib/gcc/arm-none-eabi/7.2.1/../../../../arm-none-eabi/lib/thumb/v7-m\libnosys.a
END GROUP
LOAD d:/tools/systemworkbench/plugins/fr.ac6.mcu.externaltools.arm-none.win32_1.16.0.201807130628/tools/compiler/bin/../lib/gcc/arm-none-eabi/7.2.1/thumb/v7-m/crtend.o
LOAD d:/tools/systemworkbench/plugins/fr.ac6.mcu.externaltools.arm-none.win32_1.16.0.201807130628/tools/compiler/bin/../lib/gcc/arm-none-eabi/7.2.1/thumb/v7-m/crtn.o
                0x20005000                _estack = 0x20005000
                0x00000200                _Min_Heap_Size = 0x200
                0x00000400                _Min_Stack_Size = 0x400

.isr_vector     0x08000000      0x10c
                0x08000000                . = ALIGN (0x4)
 *(.isr_vector)
 .isr_vector    0x08000000      0x10c Application/SW4STM32/startup_stm32f103xb.o
                0x08000000                g_pfnVectors
                0x0800010c                . = ALIGN (0x4)

.text           0x0800010c     0x3ac8
                0x0800010c                . = ALIGN (0x4)
 *(.text)
 .text          0x0800010c       0x40 d:/tools/systemworkbench/plugins/fr.ac6.mcu.externaltools.arm-none.win32_1.16.0.201807130628/tools/compiler/bin/../lib/gcc/arm-none-eabi/7.2.1/thumb/v7-m/crtbegin.o
 *(.text*)
 .text.Reset_Handler
                0x0800014c       0x48 Application/SW4STM32/startup_stm32f103xb.o
                0x0800014c                Reset_Handler
 .text.Default_Handler
                0x08000194        0x2 Application/SW4STM32/startup_stm32f103xb.o
                0x08000194                RTC_Alarm_IRQHandler
                0x08000194                EXTI2_IRQHandler
                0x08000194                TIM1_CC_IRQHandler
                0x08000194                PVD_IRQHandler
                0x08000194                EXTI3_IRQHandler
                0x08000194                EXTI0_IRQHandler
                0x08000194                I2C2_EV_IRQHandler
                0x08000194                ADC1_2_IRQHandler
                0x08000194                SPI1_IRQHandler
                0x08000194                TAMPER_IRQHandler
                0x08000194                DMA1_Channel4_IRQHandler
                0x08000194                USART3_IRQHandler
                0x08000194                RTC_IRQHandler
                0x08000194                DMA1_Channel7_IRQHandler
                0x08000194                CAN1_RX1_IRQHandler
                0x08000194                TIM4_IRQHandler
                0x08000194                I2C1_EV_IRQHandler
                0x08000194                DMA1_Channel6_IRQHandler
                0x08000194                TIM3_IRQHandler
                0x08000194                RCC_IRQHandler
                0x08000194                TIM1_TRG_COM_IRQHandler
                0x08000194                DMA1_Channel1_IRQHandler
                0x08000194                Default_Handler
                0x08000194                EXTI15_10_IRQHandler
                0x08000194                EXTI9_5_IRQHandler
                0x08000194                SPI2_IRQHandler
                0x08000194                DMA1_Channel5_IRQHandler
                0x08000194                EXTI4_IRQHandler
                0x08000194                USB_HP_CAN1_TX_IRQHandler
                0x08000194                DMA1_Channel3_IRQHandler
                0x08000194                TIM1_UP_IRQHandler
                0x08000194                WWDG_IRQHandler
                0x08000194                TIM2_IRQHandler
                0x08000194                TIM1_BRK_IRQHandler
                0x08000194                EXTI1_IRQHandler
                0x08000194                USART2_IRQHandler
                0x08000194                I2C2_ER_IRQHandler
                0x08000194                DMA1_Channel2_IRQHandler
                0x08000194                CAN1_SCE_IRQHandler
                0x08000194                FLASH_IRQHandler
                0x08000194                USART1_IRQHandler
                0x08000194                I2C1_ER_IRQHandler
                0x08000194                USBWakeUp_IRQHandler
 *fill*         0x08000196        0x2 
 .text.MX_GPIO_Init
                0x08000198       0x44 Application/User/main.o
 .text._Error_Handler
                0x080001dc        0x2 Application/User/main.o
                0x080001dc                _Error_Handler
 *fill*         0x080001de        0x2 
 .text.MX_ADC1_Init
                0x080001e0       0x5c Application/User/main.o
 .text.MX_I2C1_Init
                0x0800023c       0x40 Application/User/main.o
 .text.MX_TIM1_Init
                0x0800027c       0xe0 Application/User/main.o
 .text.MX_TIM2_Init
                0x0800035c       0x74 Application/User/main.o
 .text.SystemClock_Config
                0x080003d0       0xa4 Application/User/main.o
                0x080003d0                SystemClock_Config
 .text.main     0x08000474       0x38 Application/User/main.o
                0x08000474                main
 .text.HAL_MspInit
                0x080004ac       0xa0 Application/User/stm32f1xx_hal_msp.o
                0x080004ac                HAL_MspInit
 .text.HAL_ADC_MspInit
                0x0800054c       0x44 Application/User/stm32f1xx_hal_msp.o
                0x0800054c                HAL_ADC_MspInit
 .text.HAL_I2C_MspInit
                0x08000590       0x48 Application/User/stm32f1xx_hal_msp.o
                0x08000590                HAL_I2C_MspInit
 .text.HAL_TIM_Base_MspInit
                0x080005d8       0x7c Application/User/stm32f1xx_hal_msp.o
                0x080005d8                HAL_TIM_Base_MspInit
 .text.HAL_TIM_MspPostInit
                0x08000654       0x30 Application/User/stm32f1xx_hal_msp.o
                0x08000654                HAL_TIM_MspPostInit
 .text.NMI_Handler
                0x08000684        0x2 Application/User/stm32f1xx_it.o
                0x08000684                NMI_Handler
 .text.HardFault_Handler
                0x08000686        0x2 Application/User/stm32f1xx_it.o
                0x08000686                HardFault_Handler
 .text.MemManage_Handler
                0x08000688        0x2 Application/User/stm32f1xx_it.o
                0x08000688                MemManage_Handler
 .text.BusFault_Handler
                0x0800068a        0x2 Application/User/stm32f1xx_it.o
                0x0800068a                BusFault_Handler
 .text.UsageFault_Handler
                0x0800068c        0x2 Application/User/stm32f1xx_it.o
                0x0800068c                UsageFault_Handler
 .text.SVC_Handler
                0x0800068e        0x2 Application/User/stm32f1xx_it.o
                0x0800068e                SVC_Handler
 .text.DebugMon_Handler
                0x08000690        0x2 Application/User/stm32f1xx_it.o
                0x08000690                DebugMon_Handler
 .text.PendSV_Handler
                0x08000692        0x2 Application/User/stm32f1xx_it.o
                0x08000692                PendSV_Handler
 .text.SysTick_Handler
                0x08000694        0xc Application/User/stm32f1xx_it.o
                0x08000694                SysTick_Handler
 .text.USB_LP_CAN1_RX0_IRQHandler
                0x080006a0       0x10 Application/User/stm32f1xx_it.o
                0x080006a0                USB_LP_CAN1_RX0_IRQHandler
 .text.MX_USB_DEVICE_Init
                0x080006b0       0x38 Application/User/usb_device.o
                0x080006b0                MX_USB_DEVICE_Init
 .text.CDC_DeInit_FS
                0x080006e8        0x4 Application/User/usbd_cdc_if.o
 .text.CDC_Control_FS
                0x080006ec        0x4 Application/User/usbd_cdc_if.o
 .text.CDC_Receive_FS
                0x080006f0       0x1c Application/User/usbd_cdc_if.o
 .text.CDC_Init_FS
                0x0800070c       0x28 Application/User/usbd_cdc_if.o
 .text.CDC_Transmit_FS
                0x08000734       0x2c Application/User/usbd_cdc_if.o
                0x08000734                CDC_Transmit_FS
 .text.HAL_PCD_MspInit
                0x08000760       0x40 Application/User/usbd_conf.o
                0x08000760                HAL_PCD_MspInit
 .text.HAL_PCD_SetupStageCallback
                0x080007a0       0x10 Application/User/usbd_conf.o
                0x080007a0                HAL_PCD_SetupStageCallback
 .text.HAL_PCD_DataOutStageCallback
                0x080007b0       0x14 Application/User/usbd_conf.o
                0x080007b0                HAL_PCD_DataOutStageCallback
 .text.HAL_PCD_DataInStageCallback
                0x080007c4       0x12 Application/User/usbd_conf.o
                0x080007c4                HAL_PCD_DataInStageCallback
 .text.HAL_PCD_SOFCallback
                0x080007d6        0xc Application/User/usbd_conf.o
                0x080007d6                HAL_PCD_SOFCallback
 .text.HAL_PCD_ResetCallback
                0x080007e2       0x18 Application/User/usbd_conf.o
                0x080007e2                HAL_PCD_ResetCallback
 *fill*         0x080007fa        0x2 
 .text.HAL_PCD_SuspendCallback
                0x080007fc       0x20 Application/User/usbd_conf.o
                0x080007fc                HAL_PCD_SuspendCallback
 .text.HAL_PCD_ResumeCallback
                0x0800081c        0xc Application/User/usbd_conf.o
                0x0800081c                HAL_PCD_ResumeCallback
 .text.USBD_LL_Init
                0x08000828       0x94 Application/User/usbd_conf.o
                0x08000828                USBD_LL_Init
 .text.USBD_LL_Start
                0x080008bc       0x1c Application/User/usbd_conf.o
                0x080008bc                USBD_LL_Start
 .text.USBD_LL_OpenEP
                0x080008d8       0x22 Application/User/usbd_conf.o
                0x080008d8                USBD_LL_OpenEP
 .text.USBD_LL_CloseEP
                0x080008fa       0x1c Application/User/usbd_conf.o
                0x080008fa                USBD_LL_CloseEP
 .text.USBD_LL_StallEP
                0x08000916       0x1c Application/User/usbd_conf.o
                0x08000916                USBD_LL_StallEP
 .text.USBD_LL_ClearStallEP
                0x08000932       0x1c Application/User/usbd_conf.o
                0x08000932                USBD_LL_ClearStallEP
 .text.USBD_LL_IsStallEP
                0x0800094e       0x26 Application/User/usbd_conf.o
                0x0800094e                USBD_LL_IsStallEP
 .text.USBD_LL_SetUSBAddress
                0x08000974       0x1c Application/User/usbd_conf.o
                0x08000974                USBD_LL_SetUSBAddress
 .text.USBD_LL_Transmit
                0x08000990       0x1c Application/User/usbd_conf.o
                0x08000990                USBD_LL_Transmit
 .text.USBD_LL_PrepareReceive
                0x080009ac       0x1c Application/User/usbd_conf.o
                0x080009ac                USBD_LL_PrepareReceive
 .text.USBD_LL_GetRxDataSize
                0x080009c8        0xc Application/User/usbd_conf.o
                0x080009c8                USBD_LL_GetRxDataSize
 .text.USBD_static_malloc
                0x080009d4        0x8 Application/User/usbd_conf.o
                0x080009d4                USBD_static_malloc
 .text.USBD_static_free
                0x080009dc        0x2 Application/User/usbd_conf.o
                0x080009dc                USBD_static_free
 .text.HAL_PCDEx_SetConnectionState
                0x080009de        0x2 Application/User/usbd_conf.o
                0x080009de                HAL_PCDEx_SetConnectionState
 .text.USBD_FS_DeviceDescriptor
                0x080009e0        0xc Application/User/usbd_desc.o
                0x080009e0                USBD_FS_DeviceDescriptor
 .text.USBD_FS_LangIDStrDescriptor
                0x080009ec        0xc Application/User/usbd_desc.o
                0x080009ec                USBD_FS_LangIDStrDescriptor
 .text.USBD_FS_ProductStrDescriptor
                0x080009f8       0x24 Application/User/usbd_desc.o
                0x080009f8                USBD_FS_ProductStrDescriptor
 .text.USBD_FS_ManufacturerStrDescriptor
                0x08000a1c       0x1c Application/User/usbd_desc.o
                0x08000a1c                USBD_FS_ManufacturerStrDescriptor
 .text.USBD_FS_SerialStrDescriptor
                0x08000a38       0x24 Application/User/usbd_desc.o
                0x08000a38                USBD_FS_SerialStrDescriptor
 .text.USBD_FS_ConfigStrDescriptor
                0x08000a5c       0x24 Application/User/usbd_desc.o
                0x08000a5c                USBD_FS_ConfigStrDescriptor
 .text.USBD_FS_InterfaceStrDescriptor
                0x08000a80       0x24 Application/User/usbd_desc.o
                0x08000a80                USBD_FS_InterfaceStrDescriptor
 .text.SystemInit
                0x08000aa4       0x4c Drivers/CMSIS/system_stm32f1xx.o
                0x08000aa4                SystemInit
 .text.HAL_InitTick
                0x08000af0       0x48 Drivers/STM32F1xx_HAL_Driver/stm32f1xx_hal.o
                0x08000af0                HAL_InitTick
 .text.HAL_Init
                0x08000b38       0x24 Drivers/STM32F1xx_HAL_Driver/stm32f1xx_hal.o
                0x08000b38                HAL_Init
 .text.HAL_IncTick
                0x08000b5c       0x18 Drivers/STM32F1xx_HAL_Driver/stm32f1xx_hal.o
                0x08000b5c                HAL_IncTick
 .text.HAL_GetTick
                0x08000b74        0xc Drivers/STM32F1xx_HAL_Driver/stm32f1xx_hal.o
                0x08000b74                HAL_GetTick
 .text.HAL_Delay
                0x08000b80       0x28 Drivers/STM32F1xx_HAL_Driver/stm32f1xx_hal.o
                0x08000b80                HAL_Delay
 .text.HAL_ADC_ConfigChannel
                0x08000ba8      0x138 Drivers/STM32F1xx_HAL_Driver/stm32f1xx_hal_adc.o
                0x08000ba8                HAL_ADC_ConfigChannel
 .text.ADC_ConversionStop_Disable
                0x08000ce0       0x4c Drivers/STM32F1xx_HAL_Driver/stm32f1xx_hal_adc.o
                0x08000ce0                ADC_ConversionStop_Disable
 .text.HAL_ADC_Init
                0x08000d2c      0x110 Drivers/STM32F1xx_HAL_Driver/stm32f1xx_hal_adc.o
                0x08000d2c                HAL_ADC_Init
 .text.HAL_NVIC_SetPriorityGrouping
                0x08000e3c       0x24 Drivers/STM32F1xx_HAL_Driver/stm32f1xx_hal_cortex.o
                0x08000e3c                HAL_NVIC_SetPriorityGrouping
 .text.HAL_NVIC_SetPriority
                0x08000e60       0x68 Drivers/STM32F1xx_HAL_Driver/stm32f1xx_hal_cortex.o
                0x08000e60                HAL_NVIC_SetPriority
 .text.HAL_NVIC_EnableIRQ
                0x08000ec8       0x18 Drivers/STM32F1xx_HAL_Driver/stm32f1xx_hal_cortex.o
                0x08000ec8                HAL_NVIC_EnableIRQ
 .text.HAL_SYSTICK_Config
                0x08000ee0       0x2c Drivers/STM32F1xx_HAL_Driver/stm32f1xx_hal_cortex.o
                0x08000ee0                HAL_SYSTICK_Config
 .text.HAL_SYSTICK_CLKSourceConfig
                0x08000f0c       0x20 Drivers/STM32F1xx_HAL_Driver/stm32f1xx_hal_cortex.o
                0x08000f0c                HAL_SYSTICK_CLKSourceConfig
 .text.HAL_SYSTICK_Callback
                0x08000f2c        0x2 Drivers/STM32F1xx_HAL_Driver/stm32f1xx_hal_cortex.o
                0x08000f2c                HAL_SYSTICK_Callback
 .text.HAL_SYSTICK_IRQHandler
                0x08000f2e        0x8 Drivers/STM32F1xx_HAL_Driver/stm32f1xx_hal_cortex.o
                0x08000f2e                HAL_SYSTICK_IRQHandler
 *fill*         0x08000f36        0x2 
 .text.HAL_GPIO_Init
                0x08000f38      0x1d4 Drivers/STM32F1xx_HAL_Driver/stm32f1xx_hal_gpio.o
                0x08000f38                HAL_GPIO_Init
 .text.HAL_I2C_Init
                0x0800110c      0x168 Drivers/STM32F1xx_HAL_Driver/stm32f1xx_hal_i2c.o
                0x0800110c                HAL_I2C_Init
 .text.HAL_PCD_Init
                0x08001274       0xd6 Drivers/STM32F1xx_HAL_Driver/stm32f1xx_hal_pcd.o
                0x08001274                HAL_PCD_Init
 .text.HAL_PCD_Start
                0x0800134a       0x2e Drivers/STM32F1xx_HAL_Driver/stm32f1xx_hal_pcd.o
                0x0800134a                HAL_PCD_Start
 .text.HAL_PCD_SetAddress
                0x08001378       0x28 Drivers/STM32F1xx_HAL_Driver/stm32f1xx_hal_pcd.o
                0x08001378                HAL_PCD_SetAddress
 .text.HAL_PCD_EP_Open
                0x080013a0       0x52 Drivers/STM32F1xx_HAL_Driver/stm32f1xx_hal_pcd.o
                0x080013a0                HAL_PCD_EP_Open
 .text.HAL_PCD_EP_Close
                0x080013f2       0x4e Drivers/STM32F1xx_HAL_Driver/stm32f1xx_hal_pcd.o
                0x080013f2                HAL_PCD_EP_Close
 .text.HAL_PCD_EP_Receive
                0x08001440       0x3e Drivers/STM32F1xx_HAL_Driver/stm32f1xx_hal_pcd.o
                0x08001440                HAL_PCD_EP_Receive
 .text.HAL_PCD_EP_GetRxCount
                0x0800147e        0xe Drivers/STM32F1xx_HAL_Driver/stm32f1xx_hal_pcd.o
                0x0800147e                HAL_PCD_EP_GetRxCount
 .text.HAL_PCD_EP_Transmit
                0x0800148c       0x3c Drivers/STM32F1xx_HAL_Driver/stm32f1xx_hal_pcd.o
                0x0800148c                HAL_PCD_EP_Transmit
 .text.PCD_EP_ISR_Handler
                0x080014c8      0x444 Drivers/STM32F1xx_HAL_Driver/stm32f1xx_hal_pcd.o
 .text.HAL_PCD_IRQHandler
                0x0800190c      0x160 Drivers/STM32F1xx_HAL_Driver/stm32f1xx_hal_pcd.o
                0x0800190c                HAL_PCD_IRQHandler
 .text.HAL_PCD_EP_SetStall
                0x08001a6c       0x5c Drivers/STM32F1xx_HAL_Driver/stm32f1xx_hal_pcd.o
                0x08001a6c                HAL_PCD_EP_SetStall
 .text.HAL_PCD_EP_ClrStall
                0x08001ac8       0x4e Drivers/STM32F1xx_HAL_Driver/stm32f1xx_hal_pcd.o
                0x08001ac8                HAL_PCD_EP_ClrStall
 .text.HAL_PCDEx_PMAConfig
                0x08001b16       0x30 Drivers/STM32F1xx_HAL_Driver/stm32f1xx_hal_pcd_ex.o
                0x08001b16                HAL_PCDEx_PMAConfig
 *fill*         0x08001b46        0x2 
 .text.RCC_Delay
                0x08001b48       0x2c Drivers/STM32F1xx_HAL_Driver/stm32f1xx_hal_rcc.o
 .text.HAL_RCC_OscConfig
                0x08001b74      0x3dc Drivers/STM32F1xx_HAL_Driver/stm32f1xx_hal_rcc.o
                0x08001b74                HAL_RCC_OscConfig
 .text.HAL_RCC_GetSysClockFreq
                0x08001f50       0x70 Drivers/STM32F1xx_HAL_Driver/stm32f1xx_hal_rcc.o
                0x08001f50                HAL_RCC_GetSysClockFreq
 .text.HAL_RCC_ClockConfig
                0x08001fc0      0x178 Drivers/STM32F1xx_HAL_Driver/stm32f1xx_hal_rcc.o
                0x08001fc0                HAL_RCC_ClockConfig
 .text.HAL_RCC_GetHCLKFreq
                0x08002138        0xc Drivers/STM32F1xx_HAL_Driver/stm32f1xx_hal_rcc.o
                0x08002138                HAL_RCC_GetHCLKFreq
 .text.HAL_RCC_GetPCLK1Freq
                0x08002144       0x20 Drivers/STM32F1xx_HAL_Driver/stm32f1xx_hal_rcc.o
                0x08002144                HAL_RCC_GetPCLK1Freq
 .text.HAL_RCCEx_PeriphCLKConfig
                0x08002164      0x114 Drivers/STM32F1xx_HAL_Driver/stm32f1xx_hal_rcc_ex.o
                0x08002164                HAL_RCCEx_PeriphCLKConfig
 .text.TIM_OC1_SetConfig
                0x08002278       0x5c Drivers/STM32F1xx_HAL_Driver/stm32f1xx_hal_tim.o
 .text.TIM_OC3_SetConfig
                0x080022d4       0x64 Drivers/STM32F1xx_HAL_Driver/stm32f1xx_hal_tim.o
 .text.TIM_OC4_SetConfig
                0x08002338       0x48 Drivers/STM32F1xx_HAL_Driver/stm32f1xx_hal_tim.o
 .text.TIM_TI1_ConfigInputStage
                0x08002380       0x24 Drivers/STM32F1xx_HAL_Driver/stm32f1xx_hal_tim.o
 .text.TIM_TI2_ConfigInputStage
                0x080023a4       0x26 Drivers/STM32F1xx_HAL_Driver/stm32f1xx_hal_tim.o
 .text.TIM_ITRx_SetConfig
                0x080023ca       0x10 Drivers/STM32F1xx_HAL_Driver/stm32f1xx_hal_tim.o
 .text.TIM_ETR_SetConfig
                0x080023da       0x16 Drivers/STM32F1xx_HAL_Driver/stm32f1xx_hal_tim.o
 .text.HAL_TIM_PWM_MspInit
                0x080023f0        0x2 Drivers/STM32F1xx_HAL_Driver/stm32f1xx_hal_tim.o
                0x080023f0                HAL_TIM_PWM_MspInit
 .text.HAL_TIM_ConfigClockSource
                0x080023f2      0x108 Drivers/STM32F1xx_HAL_Driver/stm32f1xx_hal_tim.o
                0x080023f2                HAL_TIM_ConfigClockSource
 *fill*         0x080024fa        0x2 
 .text.TIM_Base_SetConfig
                0x080024fc       0x74 Drivers/STM32F1xx_HAL_Driver/stm32f1xx_hal_tim.o
                0x080024fc                TIM_Base_SetConfig
 .text.HAL_TIM_Base_Init
                0x08002570       0x32 Drivers/STM32F1xx_HAL_Driver/stm32f1xx_hal_tim.o
                0x08002570                HAL_TIM_Base_Init
 .text.HAL_TIM_PWM_Init
                0x080025a2       0x32 Drivers/STM32F1xx_HAL_Driver/stm32f1xx_hal_tim.o
                0x080025a2                HAL_TIM_PWM_Init
 .text.TIM_OC2_SetConfig
                0x080025d4       0x64 Drivers/STM32F1xx_HAL_Driver/stm32f1xx_hal_tim.o
                0x080025d4                TIM_OC2_SetConfig
 .text.HAL_TIM_PWM_ConfigChannel
                0x08002638       0xdc Drivers/STM32F1xx_HAL_Driver/stm32f1xx_hal_tim.o
                0x08002638                HAL_TIM_PWM_ConfigChannel
 .text.HAL_TIMEx_ConfigBreakDeadTime
                0x08002714       0x58 Drivers/STM32F1xx_HAL_Driver/stm32f1xx_hal_tim_ex.o
                0x08002714                HAL_TIMEx_ConfigBreakDeadTime
 .text.HAL_TIMEx_MasterConfigSynchronization
                0x0800276c       0x52 Drivers/STM32F1xx_HAL_Driver/stm32f1xx_hal_tim_ex.o
                0x0800276c                HAL_TIMEx_MasterConfigSynchronization
 .text.USB_CoreInit
                0x080027be        0xe Drivers/STM32F1xx_HAL_Driver/stm32f1xx_ll_usb.o
                0x080027be                USB_CoreInit
 .text.USB_EnableGlobalInt
                0x080027cc       0x10 Drivers/STM32F1xx_HAL_Driver/stm32f1xx_ll_usb.o
                0x080027cc                USB_EnableGlobalInt
 .text.USB_DisableGlobalInt
                0x080027dc       0x14 Drivers/STM32F1xx_HAL_Driver/stm32f1xx_ll_usb.o
                0x080027dc                USB_DisableGlobalInt
 .text.USB_SetCurrentMode
                0x080027f0        0x4 Drivers/STM32F1xx_HAL_Driver/stm32f1xx_ll_usb.o
                0x080027f0                USB_SetCurrentMode
 .text.USB_DevInit
                0x080027f4       0x2c Drivers/STM32F1xx_HAL_Driver/stm32f1xx_ll_usb.o
                0x080027f4                USB_DevInit
 .text.USB_ActivateEndpoint
                0x08002820      0x328 Drivers/STM32F1xx_HAL_Driver/stm32f1xx_ll_usb.o
                0x08002820                USB_ActivateEndpoint
 .text.USB_DeactivateEndpoint
                0x08002b48      0x1c4 Drivers/STM32F1xx_HAL_Driver/stm32f1xx_ll_usb.o
                0x08002b48                USB_DeactivateEndpoint
 .text.USB_EPSetStall
                0x08002d0c       0x6e Drivers/STM32F1xx_HAL_Driver/stm32f1xx_ll_usb.o
                0x08002d0c                USB_EPSetStall
 .text.USB_EPClearStall
                0x08002d7a       0x92 Drivers/STM32F1xx_HAL_Driver/stm32f1xx_ll_usb.o
                0x08002d7a                USB_EPClearStall
 .text.USB_SetDevAddress
                0x08002e0c        0xc Drivers/STM32F1xx_HAL_Driver/stm32f1xx_ll_usb.o
                0x08002e0c                USB_SetDevAddress
 .text.USB_DevConnect
                0x08002e18        0x4 Drivers/STM32F1xx_HAL_Driver/stm32f1xx_ll_usb.o
                0x08002e18                USB_DevConnect
 .text.USB_DevDisconnect
                0x08002e1c        0x4 Drivers/STM32F1xx_HAL_Driver/stm32f1xx_ll_usb.o
                0x08002e1c                USB_DevDisconnect
 .text.USB_ReadInterrupts
                0x08002e20        0x6 Drivers/STM32F1xx_HAL_Driver/stm32f1xx_ll_usb.o
                0x08002e20                USB_ReadInterrupts
 .text.USB_EP0_OutStart
                0x08002e26        0x4 Drivers/STM32F1xx_HAL_Driver/stm32f1xx_ll_usb.o
                0x08002e26                USB_EP0_OutStart
 .text.USB_WritePMA
                0x08002e2a       0x2a Drivers/STM32F1xx_HAL_Driver/stm32f1xx_ll_usb.o
                0x08002e2a                USB_WritePMA
 .text.USB_EPStartXfer
                0x08002e54      0x2ba Drivers/STM32F1xx_HAL_Driver/stm32f1xx_ll_usb.o
                0x08002e54                USB_EPStartXfer
 .text.USB_ReadPMA
                0x0800310e       0x1e Drivers/STM32F1xx_HAL_Driver/stm32f1xx_ll_usb.o
                0x0800310e                USB_ReadPMA
 .text.USBD_CDC_DataIn
                0x0800312c       0x12 Middlewares/USB_Device_Library/usbd_cdc.o
 .text.USBD_CDC_EP0_RxReady
                0x0800313e       0x28 Middlewares/USB_Device_Library/usbd_cdc.o
 *fill*         0x08003166        0x2 
 .text.USBD_CDC_GetFSCfgDesc
                0x08003168        0xc Middlewares/USB_Device_Library/usbd_cdc.o
 .text.USBD_CDC_GetHSCfgDesc
                0x08003174        0xc Middlewares/USB_Device_Library/usbd_cdc.o
 .text.USBD_CDC_GetOtherSpeedCfgDesc
                0x08003180        0xc Middlewares/USB_Device_Library/usbd_cdc.o
 .text.USBD_CDC_GetDeviceQualifierDescriptor
                0x0800318c        0xc Middlewares/USB_Device_Library/usbd_cdc.o
                0x0800318c                USBD_CDC_GetDeviceQualifierDescriptor
 .text.USBD_CDC_DataOut
                0x08003198       0x2e Middlewares/USB_Device_Library/usbd_cdc.o
 *fill*         0x080031c6        0x2 
 .text.USBD_CDC_Setup
                0x080031c8       0x74 Middlewares/USB_Device_Library/usbd_cdc.o
 .text.USBD_CDC_DeInit
                0x0800323c       0x3a Middlewares/USB_Device_Library/usbd_cdc.o
 .text.USBD_CDC_Init
                0x08003276       0x96 Middlewares/USB_Device_Library/usbd_cdc.o
 .text.USBD_CDC_RegisterInterface
                0x0800330c        0xe Middlewares/USB_Device_Library/usbd_cdc.o
                0x0800330c                USBD_CDC_RegisterInterface
 .text.USBD_CDC_SetTxBuffer
                0x0800331a       0x10 Middlewares/USB_Device_Library/usbd_cdc.o
                0x0800331a                USBD_CDC_SetTxBuffer
 .text.USBD_CDC_SetRxBuffer
                0x0800332a        0xc Middlewares/USB_Device_Library/usbd_cdc.o
                0x0800332a                USBD_CDC_SetRxBuffer
 .text.USBD_CDC_TransmitPacket
                0x08003336       0x2e Middlewares/USB_Device_Library/usbd_cdc.o
                0x08003336                USBD_CDC_TransmitPacket
 .text.USBD_CDC_ReceivePacket
                0x08003364       0x32 Middlewares/USB_Device_Library/usbd_cdc.o
                0x08003364                USBD_CDC_ReceivePacket
 .text.USBD_Init
                0x08003396       0x2e Middlewares/USB_Device_Library/usbd_core.o
                0x08003396                USBD_Init
 .text.USBD_RegisterClass
                0x080033c4        0xe Middlewares/USB_Device_Library/usbd_core.o
                0x080033c4                USBD_RegisterClass
 .text.USBD_Start
                0x080033d2        0xa Middlewares/USB_Device_Library/usbd_core.o
                0x080033d2                USBD_Start
 .text.USBD_SetClassConfig
                0x080033dc       0x1a Middlewares/USB_Device_Library/usbd_core.o
                0x080033dc                USBD_SetClassConfig
 .text.USBD_ClrClassConfig
                0x080033f6        0xe Middlewares/USB_Device_Library/usbd_core.o
                0x080033f6                USBD_ClrClassConfig
 .text.USBD_LL_SetupStage
                0x08003404       0x5a Middlewares/USB_Device_Library/usbd_core.o
                0x08003404                USBD_LL_SetupStage
 .text.USBD_LL_DataOutStage
                0x0800345e       0x6a Middlewares/USB_Device_Library/usbd_core.o
                0x0800345e                USBD_LL_DataOutStage
 .text.USBD_LL_DataInStage
                0x080034c8       0xb0 Middlewares/USB_Device_Library/usbd_core.o
                0x080034c8                USBD_LL_DataInStage
 .text.USBD_LL_Reset
                0x08003578       0x3e Middlewares/USB_Device_Library/usbd_core.o
                0x08003578                USBD_LL_Reset
 .text.USBD_LL_SetSpeed
                0x080035b6        0x6 Middlewares/USB_Device_Library/usbd_core.o
                0x080035b6                USBD_LL_SetSpeed
 .text.USBD_LL_Suspend
                0x080035bc       0x12 Middlewares/USB_Device_Library/usbd_core.o
                0x080035bc                USBD_LL_Suspend
 .text.USBD_LL_Resume
                0x080035ce        0xc Middlewares/USB_Device_Library/usbd_core.o
                0x080035ce                USBD_LL_Resume
 .text.USBD_LL_SOF
                0x080035da       0x1c Middlewares/USB_Device_Library/usbd_core.o
                0x080035da                USBD_LL_SOF
 .text.USBD_GetLen
                0x080035f6       0x14 Middlewares/USB_Device_Library/usbd_ctlreq.o
 .text.USBD_SetFeature
                0x0800360a       0x20 Middlewares/USB_Device_Library/usbd_ctlreq.o
 .text.USBD_ParseSetupRequest
                0x0800362a       0x28 Middlewares/USB_Device_Library/usbd_ctlreq.o
                0x0800362a                USBD_ParseSetupRequest
 .text.USBD_CtlError
                0x08003652       0x14 Middlewares/USB_Device_Library/usbd_ctlreq.o
                0x08003652                USBD_CtlError
 .text.USBD_GetDescriptor
                0x08003666      0x132 Middlewares/USB_Device_Library/usbd_ctlreq.o
 .text.USBD_SetAddress
                0x08003798       0x4a Middlewares/USB_Device_Library/usbd_ctlreq.o
 *fill*         0x080037e2        0x2 
 .text.USBD_SetConfig
                0x080037e4       0xa4 Middlewares/USB_Device_Library/usbd_ctlreq.o
 .text.USBD_GetConfig
                0x08003888       0x3a Middlewares/USB_Device_Library/usbd_ctlreq.o
 .text.USBD_GetStatus
                0x080038c2       0x2c Middlewares/USB_Device_Library/usbd_ctlreq.o
 .text.USBD_ClrFeature
                0x080038ee       0x30 Middlewares/USB_Device_Library/usbd_ctlreq.o
 .text.USBD_StdDevReq
                0x0800391e       0x48 Middlewares/USB_Device_Library/usbd_ctlreq.o
                0x0800391e                USBD_StdDevReq
 .text.USBD_StdItfReq
                0x08003966       0x38 Middlewares/USB_Device_Library/usbd_ctlreq.o
                0x08003966                USBD_StdItfReq
 .text.USBD_StdEPReq
                0x0800399e      0x118 Middlewares/USB_Device_Library/usbd_ctlreq.o
                0x0800399e                USBD_StdEPReq
 .text.USBD_GetString
                0x08003ab6       0x3a Middlewares/USB_Device_Library/usbd_ctlreq.o
                0x08003ab6                USBD_GetString
 .text.USBD_CtlSendData
                0x08003af0       0x1a Middlewares/USB_Device_Library/usbd_ioreq.o
                0x08003af0                USBD_CtlSendData
 .text.USBD_CtlContinueSendData
                0x08003b0a       0x10 Middlewares/USB_Device_Library/usbd_ioreq.o
                0x08003b0a                USBD_CtlContinueSendData
 .text.USBD_CtlPrepareRx
                0x08003b1a       0x1e Middlewares/USB_Device_Library/usbd_ioreq.o
                0x08003b1a                USBD_CtlPrepareRx
 .text.USBD_CtlContinueRx
                0x08003b38       0x10 Middlewares/USB_Device_Library/usbd_ioreq.o
                0x08003b38                USBD_CtlContinueRx
 .text.USBD_CtlSendStatus
                0x08003b48       0x16 Middlewares/USB_Device_Library/usbd_ioreq.o
                0x08003b48                USBD_CtlSendStatus
 .text.USBD_CtlReceiveStatus
                0x08003b5e       0x16 Middlewares/USB_Device_Library/usbd_ioreq.o
                0x08003b5e                USBD_CtlReceiveStatus
 .text.__libc_init_array
                0x08003b74       0x48 d:/tools/systemworkbench/plugins/fr.ac6.mcu.externaltools.arm-none.win32_1.16.0.201807130628/tools/compiler/bin/../lib/gcc/arm-none-eabi/7.2.1/../../../../arm-none-eabi/lib/thumb/v7-m\libc_nano.a(lib_a-init.o)
                0x08003b74                __libc_init_array
 *(.glue_7)
 .glue_7        0x08003bbc        0x0 linker stubs
 *(.glue_7t)
 .glue_7t       0x08003bbc        0x0 linker stubs
 *(.eh_frame)
 .eh_frame      0x08003bbc        0x0 d:/tools/systemworkbench/plugins/fr.ac6.mcu.externaltools.arm-none.win32_1.16.0.201807130628/tools/compiler/bin/../lib/gcc/arm-none-eabi/7.2.1/thumb/v7-m/crtbegin.o
 *(.init)
 .init          0x08003bbc        0x4 d:/tools/systemworkbench/plugins/fr.ac6.mcu.externaltools.arm-none.win32_1.16.0.201807130628/tools/compiler/bin/../lib/gcc/arm-none-eabi/7.2.1/thumb/v7-m/crti.o
                0x08003bbc                _init
 .init          0x08003bc0        0x8 d:/tools/systemworkbench/plugins/fr.ac6.mcu.externaltools.arm-none.win32_1.16.0.201807130628/tools/compiler/bin/../lib/gcc/arm-none-eabi/7.2.1/thumb/v7-m/crtn.o
 *(.fini)
 .fini          0x08003bc8        0x4 d:/tools/systemworkbench/plugins/fr.ac6.mcu.externaltools.arm-none.win32_1.16.0.201807130628/tools/compiler/bin/../lib/gcc/arm-none-eabi/7.2.1/thumb/v7-m/crti.o
                0x08003bc8                _fini
 .fini          0x08003bcc        0x8 d:/tools/systemworkbench/plugins/fr.ac6.mcu.externaltools.arm-none.win32_1.16.0.201807130628/tools/compiler/bin/../lib/gcc/arm-none-eabi/7.2.1/thumb/v7-m/crtn.o
                0x08003bd4                . = ALIGN (0x4)
                0x08003bd4                _etext = .

.vfp11_veneer   0x08003bd4        0x0
 .vfp11_veneer  0x08003bd4        0x0 linker stubs

.v4_bx          0x08003bd4        0x0
 .v4_bx         0x08003bd4        0x0 linker stubs

.iplt           0x08003bd4        0x0
 .iplt          0x08003bd4        0x0 d:/tools/systemworkbench/plugins/fr.ac6.mcu.externaltools.arm-none.win32_1.16.0.201807130628/tools/compiler/bin/../lib/gcc/arm-none-eabi/7.2.1/thumb/v7-m/crtbegin.o

.rodata         0x08003bd4       0xe0
                0x08003bd4                . = ALIGN (0x4)
 *(.rodata)
 .rodata        0x08003bd4       0x18 Drivers/CMSIS/system_stm32f1xx.o
                0x08003bd4                AHBPrescTable
                0x08003be4                APBPrescTable
 .rodata        0x08003bec       0x12 Drivers/STM32F1xx_HAL_Driver/stm32f1xx_hal_rcc.o
 *(.rodata*)
 *fill*         0x08003bfe        0x2 
 .rodata.str1.4
                0x08003c00       0x2f Application/User/main.o
 *fill*         0x08003c2f        0x1 
 .rodata.str1.4
                0x08003c30       0x2a Application/User/usbd_conf.o
 *fill*         0x08003c5a        0x2 
 .rodata.str1.4
                0x08003c5c       0x58 Application/User/usbd_desc.o
                                 0x56 (size before relaxing)
                0x08003cb4                . = ALIGN (0x4)

.rel.dyn        0x08003cb4        0x0
 .rel.iplt      0x08003cb4        0x0 d:/tools/systemworkbench/plugins/fr.ac6.mcu.externaltools.arm-none.win32_1.16.0.201807130628/tools/compiler/bin/../lib/gcc/arm-none-eabi/7.2.1/thumb/v7-m/crtbegin.o

.ARM.extab
 *(.ARM.extab* .gnu.linkonce.armextab.*)

.ARM            0x08003cb4        0x0
                0x08003cb4                __exidx_start = .
 *(.ARM.exidx*)
                0x08003cb4                __exidx_end = .

.preinit_array  0x08003cb4        0x0
                0x08003cb4                PROVIDE (__preinit_array_start, .)
 *(.preinit_array*)
                0x08003cb4                PROVIDE (__preinit_array_end, .)

.init_array     0x08003cb4        0x4
                0x08003cb4                PROVIDE (__init_array_start, .)
 *(SORT_BY_NAME(.init_array.*))
 *(.init_array*)
 .init_array    0x08003cb4        0x4 d:/tools/systemworkbench/plugins/fr.ac6.mcu.externaltools.arm-none.win32_1.16.0.201807130628/tools/compiler/bin/../lib/gcc/arm-none-eabi/7.2.1/thumb/v7-m/crtbegin.o
                0x08003cb8                PROVIDE (__init_array_end, .)

.fini_array     0x08003cb8        0x4
                [!provide]                PROVIDE (__fini_array_start, .)
 *(SORT_BY_NAME(.fini_array.*))
 *(.fini_array*)
 .fini_array    0x08003cb8        0x4 d:/tools/systemworkbench/plugins/fr.ac6.mcu.externaltools.arm-none.win32_1.16.0.201807130628/tools/compiler/bin/../lib/gcc/arm-none-eabi/7.2.1/thumb/v7-m/crtbegin.o
                [!provide]                PROVIDE (__fini_array_end, .)
                0x08003cbc                _sidata = LOADADDR (.data)

.data           0x20000000      0x160 load address 0x08003cbc
                0x20000000                . = ALIGN (0x4)
                0x20000000                _sdata = .
 *(.data)
 .data          0x20000000       0x10 Application/User/usbd_cdc_if.o
                0x20000000                USBD_Interface_fops_FS
 .data          0x20000010       0x34 Application/User/usbd_desc.o
                0x20000010                USBD_FS_DeviceDesc
                0x20000024                USBD_LangIDDesc
                0x20000028                FS_Desc
 .data          0x20000044        0x4 Drivers/CMSIS/system_stm32f1xx.o
                0x20000044                SystemCoreClock
 .data          0x20000048        0x8 Drivers/STM32F1xx_HAL_Driver/stm32f1xx_hal.o
                0x20000048                uwTickFreq
                0x2000004c                uwTickPrio
 .data          0x20000050      0x110 Middlewares/USB_Device_Library/usbd_cdc.o
                0x20000050                USBD_CDC_CfgFSDesc
                0x20000094                USBD_CDC_CfgHSDesc
                0x200000d8                USBD_CDC_OtherSpeedCfgDesc
                0x20000128                USBD_CDC
 *(.data*)
                0x20000160                . = ALIGN (0x4)
                0x20000160                _edata = .

.igot.plt       0x20000160        0x0 load address 0x08003e1c
 .igot.plt      0x20000160        0x0 d:/tools/systemworkbench/plugins/fr.ac6.mcu.externaltools.arm-none.win32_1.16.0.201807130628/tools/compiler/bin/../lib/gcc/arm-none-eabi/7.2.1/thumb/v7-m/crtbegin.o
                0x20000160                . = ALIGN (0x4)

.bss            0x20000160     0x139c load address 0x08003e1c
                0x20000160                _sbss = .
                0x20000160                __bss_start__ = _sbss
 *(.bss)
 .bss           0x20000160       0x1c d:/tools/systemworkbench/plugins/fr.ac6.mcu.externaltools.arm-none.win32_1.16.0.201807130628/tools/compiler/bin/../lib/gcc/arm-none-eabi/7.2.1/thumb/v7-m/crtbegin.o
 .bss           0x2000017c      0x220 Application/User/usbd_conf.o
 .bss           0x2000039c        0x1 Middlewares/USB_Device_Library/usbd_cdc.o
 .bss           0x2000039d        0x1 Middlewares/USB_Device_Library/usbd_ctlreq.o
 *(.bss*)
 *(COMMON)
 *fill*         0x2000039e        0x2 
 COMMON         0x200003a0      0x104 Application/User/main.o
                0x200003a0                hi2c1
                0x200003f4                hadc1
                0x20000424                htim1
                0x20000464                htim2
 COMMON         0x200004a4      0x224 Application/User/usb_device.o
                0x200004a4                hUsbDeviceFS
 COMMON         0x200006c8      0x7d0 Application/User/usbd_cdc_if.o
                0x200006c8                UserRxBufferFS
                0x20000ab0                UserTxBufferFS
 COMMON         0x20000e98      0x460 Application/User/usbd_conf.o
                0x20000e98                hpcd_USB_FS
 COMMON         0x200012f8      0x200 Application/User/usbd_desc.o
                0x200012f8                USBD_StrDesc
 COMMON         0x200014f8        0x4 Drivers/STM32F1xx_HAL_Driver/stm32f1xx_hal.o
                0x200014f8                uwTick
                0x200014fc                . = ALIGN (0x4)
                0x200014fc                _ebss = .
                0x200014fc                __bss_end__ = _ebss

._user_heap_stack
                0x200014fc      0x604 load address 0x08003e1c
                0x20001500                . = ALIGN (0x8)
 *fill*         0x200014fc        0x4 
                [!provide]                PROVIDE (end, .)
                [!provide]                PROVIDE (_end, .)
                0x20001700                . = (. + _Min_Heap_Size)
 *fill*         0x20001500      0x200 
                0x20001b00                . = (. + _Min_Stack_Size)
 *fill*         0x20001700      0x400 
                0x20001b00                . = ALIGN (0x8)

/DISCARD/
 libc.a(*)
 libm.a(*)
 libgcc.a(*)

.ARM.attributes
                0x00000000       0x29
 *(.ARM.attributes)
 .ARM.attributes
                0x00000000       0x1d d:/tools/systemworkbench/plugins/fr.ac6.mcu.externaltools.arm-none.win32_1.16.0.201807130628/tools/compiler/bin/../lib/gcc/arm-none-eabi/7.2.1/thumb/v7-m/crti.o
 .ARM.attributes
                0x0000001d       0x2d d:/tools/systemworkbench/plugins/fr.ac6.mcu.externaltools.arm-none.win32_1.16.0.201807130628/tools/compiler/bin/../lib/gcc/arm-none-eabi/7.2.1/thumb/v7-m/crtbegin.o
 .ARM.attributes
                0x0000004a       0x21 Application/SW4STM32/startup_stm32f103xb.o
 .ARM.attributes
                0x0000006b       0x33 Application/User/main.o
 .ARM.attributes
                0x0000009e       0x33 Application/User/stm32f1xx_hal_msp.o
 .ARM.attributes
                0x000000d1       0x33 Application/User/stm32f1xx_it.o
 .ARM.attributes
                0x00000104       0x33 Application/User/usb_device.o
 .ARM.attributes
                0x00000137       0x33 Application/User/usbd_cdc_if.o
 .ARM.attributes
                0x0000016a       0x33 Application/User/usbd_conf.o
 .ARM.attributes
                0x0000019d       0x33 Application/User/usbd_desc.o
 .ARM.attributes
                0x000001d0       0x33 Drivers/CMSIS/system_stm32f1xx.o
 .ARM.attributes
                0x00000203       0x33 Drivers/STM32F1xx_HAL_Driver/stm32f1xx_hal.o
 .ARM.attributes
                0x00000236       0x33 Drivers/STM32F1xx_HAL_Driver/stm32f1xx_hal_adc.o
 .ARM.attributes
                0x00000269       0x33 Drivers/STM32F1xx_HAL_Driver/stm32f1xx_hal_cortex.o
 .ARM.attributes
                0x0000029c       0x33 Drivers/STM32F1xx_HAL_Driver/stm32f1xx_hal_gpio.o
 .ARM.attributes
                0x000002cf       0x33 Drivers/STM32F1xx_HAL_Driver/stm32f1xx_hal_i2c.o
 .ARM.attributes
                0x00000302       0x33 Drivers/STM32F1xx_HAL_Driver/stm32f1xx_hal_pcd.o
 .ARM.attributes
                0x00000335       0x33 Drivers/STM32F1xx_HAL_Driver/stm32f1xx_hal_pcd_ex.o
 .ARM.attributes
                0x00000368       0x33 Drivers/STM32F1xx_HAL_Driver/stm32f1xx_hal_rcc.o
 .ARM.attributes
                0x0000039b       0x33 Drivers/STM32F1xx_HAL_Driver/stm32f1xx_hal_rcc_ex.o
 .ARM.attributes
                0x000003ce       0x33 Drivers/STM32F1xx_HAL_Driver/stm32f1xx_hal_tim.o
 .ARM.attributes
                0x00000401       0x33 Drivers/STM32F1xx_HAL_Driver/stm32f1xx_hal_tim_ex.o
 .ARM.attributes
                0x00000434       0x33 Drivers/STM32F1xx_HAL_Driver/stm32f1xx_ll_usb.o
 .ARM.attributes
                0x00000467       0x33 Middlewares/USB_Device_Library/usbd_cdc.o
 .ARM.attributes
                0x0000049a       0x33 Middlewares/USB_Device_Library/usbd_core.o
 .ARM.attributes
                0x000004cd       0x33 Middlewares/USB_Device_Library/usbd_ctlreq.o
 .ARM.attributes
                0x00000500       0x33 Middlewares/USB_Device_Library/usbd_ioreq.o
 .ARM.attributes
                0x00000533       0x2d d:/tools/systemworkbench/plugins/fr.ac6.mcu.externaltools.arm-none.win32_1.16.0.201807130628/tools/compiler/bin/../lib/gcc/arm-none-eabi/7.2.1/../../../../arm-none-eabi/lib/thumb/v7-m\libc_nano.a(lib_a-init.o)
 .ARM.attributes
                0x00000560       0x1d d:/tools/systemworkbench/plugins/fr.ac6.mcu.externaltools.arm-none.win32_1.16.0.201807130628/tools/compiler/bin/../lib/gcc/arm-none-eabi/7.2.1/thumb/v7-m/crtn.o
OUTPUT(prop-bl-test.elf elf32-littlearm)

.debug_line     0x00000000    0x10794
 .debug_line    0x00000000       0x95 Application/SW4STM32/startup_stm32f103xb.o
 .debug_line    0x00000095      0x926 Application/User/main.o
 .debug_line    0x000009bb      0x828 Application/User/stm32f1xx_hal_msp.o
 .debug_line    0x000011e3      0x802 Application/User/stm32f1xx_it.o
 .debug_line    0x000019e5      0x8d7 Application/User/usb_device.o
 .debug_line    0x000022bc      0x908 Application/User/usbd_cdc_if.o
 .debug_line    0x00002bc4      0xb47 Application/User/usbd_conf.o
 .debug_line    0x0000370b      0x8d0 Application/User/usbd_desc.o
 .debug_line    0x00003fdb      0x79d Drivers/CMSIS/system_stm32f1xx.o
 .debug_line    0x00004778      0x920 Drivers/STM32F1xx_HAL_Driver/stm32f1xx_hal.o
 .debug_line    0x00005098      0xcb1 Drivers/STM32F1xx_HAL_Driver/stm32f1xx_hal_adc.o
 .debug_line    0x00005d49      0x938 Drivers/STM32F1xx_HAL_Driver/stm32f1xx_hal_cortex.o
 .debug_line    0x00006681      0x91d Drivers/STM32F1xx_HAL_Driver/stm32f1xx_hal_gpio.o
 .debug_line    0x00006f9e     0x19cf Drivers/STM32F1xx_HAL_Driver/stm32f1xx_hal_i2c.o
 .debug_line    0x0000896d      0xc4d Drivers/STM32F1xx_HAL_Driver/stm32f1xx_hal_pcd.o
 .debug_line    0x000095ba      0x79c Drivers/STM32F1xx_HAL_Driver/stm32f1xx_hal_pcd_ex.o
 .debug_line    0x00009d56      0xa3a Drivers/STM32F1xx_HAL_Driver/stm32f1xx_hal_rcc.o
 .debug_line    0x0000a790      0x826 Drivers/STM32F1xx_HAL_Driver/stm32f1xx_hal_rcc_ex.o
 .debug_line    0x0000afb6     0x1735 Drivers/STM32F1xx_HAL_Driver/stm32f1xx_hal_tim.o
 .debug_line    0x0000c6eb      0xcef Drivers/STM32F1xx_HAL_Driver/stm32f1xx_hal_tim_ex.o
 .debug_line    0x0000d3da      0xb97 Drivers/STM32F1xx_HAL_Driver/stm32f1xx_ll_usb.o
 .debug_line    0x0000df71      0xa56 Middlewares/USB_Device_Library/usbd_cdc.o
 .debug_line    0x0000e9c7      0xa64 Middlewares/USB_Device_Library/usbd_core.o
 .debug_line    0x0000f42b      0xa82 Middlewares/USB_Device_Library/usbd_ctlreq.o
 .debug_line    0x0000fead      0x8e7 Middlewares/USB_Device_Library/usbd_ioreq.o

.debug_info     0x00000000    0x221bd
 .debug_info    0x00000000       0x22 Application/SW4STM32/startup_stm32f103xb.o
 .debug_info    0x00000022     0x21e4 Application/User/main.o
 .debug_info    0x00002206     0x1924 Application/User/stm32f1xx_hal_msp.o
 .debug_info    0x00003b2a      0xe3a Application/User/stm32f1xx_it.o
 .debug_info    0x00004964      0xe8b Application/User/usb_device.o
 .debug_info    0x000057ef     0x10a9 Application/User/usbd_cdc_if.o
 .debug_info    0x00006898     0x2076 Application/User/usbd_conf.o
 .debug_info    0x0000890e      0xd5f Application/User/usbd_desc.o
 .debug_info    0x0000966d      0xc15 Drivers/CMSIS/system_stm32f1xx.o
 .debug_info    0x0000a282      0xfa6 Drivers/STM32F1xx_HAL_Driver/stm32f1xx_hal.o
 .debug_info    0x0000b228     0x162a Drivers/STM32F1xx_HAL_Driver/stm32f1xx_hal_adc.o
 .debug_info    0x0000c852     0x1475 Drivers/STM32F1xx_HAL_Driver/stm32f1xx_hal_cortex.o
 .debug_info    0x0000dcc7      0xe87 Drivers/STM32F1xx_HAL_Driver/stm32f1xx_hal_gpio.o
 .debug_info    0x0000eb4e     0x379a Drivers/STM32F1xx_HAL_Driver/stm32f1xx_hal_i2c.o
 .debug_info    0x000122e8     0x19d2 Drivers/STM32F1xx_HAL_Driver/stm32f1xx_hal_pcd.o
 .debug_info    0x00013cba      0xe0d Drivers/STM32F1xx_HAL_Driver/stm32f1xx_hal_pcd_ex.o
 .debug_info    0x00014ac7     0x11ef Drivers/STM32F1xx_HAL_Driver/stm32f1xx_hal_rcc.o
 .debug_info    0x00015cb6      0xc67 Drivers/STM32F1xx_HAL_Driver/stm32f1xx_hal_rcc_ex.o
 .debug_info    0x0001691d     0x3660 Drivers/STM32F1xx_HAL_Driver/stm32f1xx_hal_tim.o
 .debug_info    0x00019f7d     0x1aa8 Drivers/STM32F1xx_HAL_Driver/stm32f1xx_hal_tim_ex.o
 .debug_info    0x0001ba25     0x172c Drivers/STM32F1xx_HAL_Driver/stm32f1xx_ll_usb.o
 .debug_info    0x0001d151     0x1583 Middlewares/USB_Device_Library/usbd_cdc.o
 .debug_info    0x0001e6d4     0x14ab Middlewares/USB_Device_Library/usbd_core.o
 .debug_info    0x0001fb7f     0x166a Middlewares/USB_Device_Library/usbd_ctlreq.o
 .debug_info    0x000211e9      0xfd4 Middlewares/USB_Device_Library/usbd_ioreq.o

.debug_abbrev   0x00000000     0x4282
 .debug_abbrev  0x00000000       0x12 Application/SW4STM32/startup_stm32f103xb.o
 .debug_abbrev  0x00000012      0x317 Application/User/main.o
 .debug_abbrev  0x00000329      0x29d Application/User/stm32f1xx_hal_msp.o
 .debug_abbrev  0x000005c6      0x21d Application/User/stm32f1xx_it.o
 .debug_abbrev  0x000007e3      0x218 Application/User/usb_device.o
 .debug_abbrev  0x000009fb      0x2c9 Application/User/usbd_cdc_if.o
 .debug_abbrev  0x00000cc4      0x31c Application/User/usbd_conf.o
 .debug_abbrev  0x00000fe0      0x277 Application/User/usbd_desc.o
 .debug_abbrev  0x00001257      0x228 Drivers/CMSIS/system_stm32f1xx.o
 .debug_abbrev  0x0000147f      0x2f4 Drivers/STM32F1xx_HAL_Driver/stm32f1xx_hal.o
 .debug_abbrev  0x00001773      0x288 Drivers/STM32F1xx_HAL_Driver/stm32f1xx_hal_adc.o
 .debug_abbrev  0x000019fb      0x3cd Drivers/STM32F1xx_HAL_Driver/stm32f1xx_hal_cortex.o
 .debug_abbrev  0x00001dc8      0x2a7 Drivers/STM32F1xx_HAL_Driver/stm32f1xx_hal_gpio.o
 .debug_abbrev  0x0000206f      0x308 Drivers/STM32F1xx_HAL_Driver/stm32f1xx_hal_i2c.o
 .debug_abbrev  0x00002377      0x357 Drivers/STM32F1xx_HAL_Driver/stm32f1xx_hal_pcd.o
 .debug_abbrev  0x000026ce      0x232 Drivers/STM32F1xx_HAL_Driver/stm32f1xx_hal_pcd_ex.o
 .debug_abbrev  0x00002900      0x335 Drivers/STM32F1xx_HAL_Driver/stm32f1xx_hal_rcc.o
 .debug_abbrev  0x00002c35      0x2b4 Drivers/STM32F1xx_HAL_Driver/stm32f1xx_hal_rcc_ex.o
 .debug_abbrev  0x00002ee9      0x2ef Drivers/STM32F1xx_HAL_Driver/stm32f1xx_hal_tim.o
 .debug_abbrev  0x000031d8      0x2e0 Drivers/STM32F1xx_HAL_Driver/stm32f1xx_hal_tim_ex.o
 .debug_abbrev  0x000034b8      0x2c3 Drivers/STM32F1xx_HAL_Driver/stm32f1xx_ll_usb.o
 .debug_abbrev  0x0000377b      0x31d Middlewares/USB_Device_Library/usbd_cdc.o
 .debug_abbrev  0x00003a98      0x2ac Middlewares/USB_Device_Library/usbd_core.o
 .debug_abbrev  0x00003d44      0x329 Middlewares/USB_Device_Library/usbd_ctlreq.o
 .debug_abbrev  0x0000406d      0x215 Middlewares/USB_Device_Library/usbd_ioreq.o

.debug_aranges  0x00000000     0x1200
 .debug_aranges
                0x00000000       0x28 Application/SW4STM32/startup_stm32f103xb.o
 .debug_aranges
                0x00000028       0x58 Application/User/main.o
 .debug_aranges
                0x00000080       0x58 Application/User/stm32f1xx_hal_msp.o
 .debug_aranges
                0x000000d8       0x68 Application/User/stm32f1xx_it.o
 .debug_aranges
                0x00000140       0x20 Application/User/usb_device.o
 .debug_aranges
                0x00000160       0x40 Application/User/usbd_cdc_if.o
 .debug_aranges
                0x000001a0      0x110 Application/User/usbd_conf.o
 .debug_aranges
                0x000002b0       0x50 Application/User/usbd_desc.o
 .debug_aranges
                0x00000300       0x28 Drivers/CMSIS/system_stm32f1xx.o
 .debug_aranges
                0x00000328       0xd0 Drivers/STM32F1xx_HAL_Driver/stm32f1xx_hal.o
 .debug_aranges
                0x000003f8       0xf0 Drivers/STM32F1xx_HAL_Driver/stm32f1xx_hal_adc.o
 .debug_aranges
                0x000004e8       0x90 Drivers/STM32F1xx_HAL_Driver/stm32f1xx_hal_cortex.o
 .debug_aranges
                0x00000578       0x58 Drivers/STM32F1xx_HAL_Driver/stm32f1xx_hal_gpio.o
 .debug_aranges
                0x000005d0      0x268 Drivers/STM32F1xx_HAL_Driver/stm32f1xx_hal_i2c.o
 .debug_aranges
                0x00000838      0x120 Drivers/STM32F1xx_HAL_Driver/stm32f1xx_hal_pcd.o
 .debug_aranges
                0x00000958       0x28 Drivers/STM32F1xx_HAL_Driver/stm32f1xx_hal_pcd_ex.o
 .debug_aranges
                0x00000980       0x90 Drivers/STM32F1xx_HAL_Driver/stm32f1xx_hal_rcc.o
 .debug_aranges
                0x00000a10       0x30 Drivers/STM32F1xx_HAL_Driver/stm32f1xx_hal_rcc_ex.o
 .debug_aranges
                0x00000a40      0x368 Drivers/STM32F1xx_HAL_Driver/stm32f1xx_hal_tim.o
 .debug_aranges
                0x00000da8      0x138 Drivers/STM32F1xx_HAL_Driver/stm32f1xx_hal_tim_ex.o
 .debug_aranges
                0x00000ee0      0x100 Drivers/STM32F1xx_HAL_Driver/stm32f1xx_ll_usb.o
 .debug_aranges
                0x00000fe0       0x90 Middlewares/USB_Device_Library/usbd_cdc.o
 .debug_aranges
                0x00001070       0xb8 Middlewares/USB_Device_Library/usbd_core.o
 .debug_aranges
                0x00001128       0x88 Middlewares/USB_Device_Library/usbd_ctlreq.o
 .debug_aranges
                0x000011b0       0x50 Middlewares/USB_Device_Library/usbd_ioreq.o

.debug_str      0x00000000    0x7b3fa
 .debug_str     0x00000000       0x7e Application/SW4STM32/startup_stm32f103xb.o
 .debug_str     0x0000007e    0x76dd0 Application/User/main.o
                              0x77325 (size before relaxing)
 .debug_str     0x00076e4e      0x16d Application/User/stm32f1xx_hal_msp.o
                              0x7615a (size before relaxing)
 .debug_str     0x00076fbb      0x37e Application/User/stm32f1xx_it.o
                              0x7597d (size before relaxing)
 .debug_str     0x00077339      0x3c9 Application/User/usb_device.o
                              0x766f5 (size before relaxing)
 .debug_str     0x00077702      0x17a Application/User/usbd_cdc_if.o
                              0x767f6 (size before relaxing)
 .debug_str     0x0007787c      0x53b Application/User/usbd_conf.o
                              0x771be (size before relaxing)
 .debug_str     0x00077db7      0x247 Application/User/usbd_desc.o
                              0x7631e (size before relaxing)
 .debug_str     0x00077ffe       0x80 Drivers/CMSIS/system_stm32f1xx.o
                              0x75687 (size before relaxing)
 .debug_str     0x0007807e      0x409 Drivers/STM32F1xx_HAL_Driver/stm32f1xx_hal.o
                              0x75d40 (size before relaxing)
 .debug_str     0x00078487      0x3a2 Drivers/STM32F1xx_HAL_Driver/stm32f1xx_hal_adc.o
                              0x75ce7 (size before relaxing)
 .debug_str     0x00078829      0x218 Drivers/STM32F1xx_HAL_Driver/stm32f1xx_hal_cortex.o
                              0x75c95 (size before relaxing)
 .debug_str     0x00078a41      0x339 Drivers/STM32F1xx_HAL_Driver/stm32f1xx_hal_gpio.o
                              0x759dc (size before relaxing)
 .debug_str     0x00078d7a      0xa64 Drivers/STM32F1xx_HAL_Driver/stm32f1xx_hal_i2c.o
                              0x76515 (size before relaxing)
 .debug_str     0x000797de      0x327 Drivers/STM32F1xx_HAL_Driver/stm32f1xx_hal_pcd.o
                              0x75e4a (size before relaxing)
 .debug_str     0x00079b05       0x5a Drivers/STM32F1xx_HAL_Driver/stm32f1xx_hal_pcd_ex.o
                              0x75927 (size before relaxing)
 .debug_str     0x00079b5f      0x215 Drivers/STM32F1xx_HAL_Driver/stm32f1xx_hal_rcc.o
                              0x75a31 (size before relaxing)
 .debug_str     0x00079d74       0x9b Drivers/STM32F1xx_HAL_Driver/stm32f1xx_hal_rcc_ex.o
                              0x757bd (size before relaxing)
 .debug_str     0x00079e0f      0xc22 Drivers/STM32F1xx_HAL_Driver/stm32f1xx_hal_tim.o
                              0x76731 (size before relaxing)
 .debug_str     0x0007aa31      0x3f2 Drivers/STM32F1xx_HAL_Driver/stm32f1xx_hal_tim_ex.o
                              0x75fd3 (size before relaxing)
 .debug_str     0x0007ae23      0x16c Drivers/STM32F1xx_HAL_Driver/stm32f1xx_ll_usb.o
                              0x75afa (size before relaxing)
 .debug_str     0x0007af8f      0x1c7 Middlewares/USB_Device_Library/usbd_cdc.o
                              0x7697d (size before relaxing)
 .debug_str     0x0007b156      0x151 Middlewares/USB_Device_Library/usbd_core.o
                              0x7663e (size before relaxing)
 .debug_str     0x0007b2a7       0xeb Middlewares/USB_Device_Library/usbd_ctlreq.o
                              0x76558 (size before relaxing)
 .debug_str     0x0007b392       0x68 Middlewares/USB_Device_Library/usbd_ioreq.o
                              0x76485 (size before relaxing)

.debug_ranges   0x00000000     0x1230
 .debug_ranges  0x00000000       0x20 Application/SW4STM32/startup_stm32f103xb.o
 .debug_ranges  0x00000020       0x48 Application/User/main.o
 .debug_ranges  0x00000068       0x48 Application/User/stm32f1xx_hal_msp.o
 .debug_ranges  0x000000b0       0x58 Application/User/stm32f1xx_it.o
 .debug_ranges  0x00000108       0x10 Application/User/usb_device.o
 .debug_ranges  0x00000118       0x30 Application/User/usbd_cdc_if.o
 .debug_ranges  0x00000148      0x100 Application/User/usbd_conf.o
 .debug_ranges  0x00000248       0x40 Application/User/usbd_desc.o
 .debug_ranges  0x00000288       0x18 Drivers/CMSIS/system_stm32f1xx.o
 .debug_ranges  0x000002a0       0xc0 Drivers/STM32F1xx_HAL_Driver/stm32f1xx_hal.o
 .debug_ranges  0x00000360       0xe0 Drivers/STM32F1xx_HAL_Driver/stm32f1xx_hal_adc.o
 .debug_ranges  0x00000440       0xe0 Drivers/STM32F1xx_HAL_Driver/stm32f1xx_hal_cortex.o
 .debug_ranges  0x00000520       0x48 Drivers/STM32F1xx_HAL_Driver/stm32f1xx_hal_gpio.o
 .debug_ranges  0x00000568      0x258 Drivers/STM32F1xx_HAL_Driver/stm32f1xx_hal_i2c.o
 .debug_ranges  0x000007c0      0x140 Drivers/STM32F1xx_HAL_Driver/stm32f1xx_hal_pcd.o
 .debug_ranges  0x00000900       0x18 Drivers/STM32F1xx_HAL_Driver/stm32f1xx_hal_pcd_ex.o
 .debug_ranges  0x00000918       0xa0 Drivers/STM32F1xx_HAL_Driver/stm32f1xx_hal_rcc.o
 .debug_ranges  0x000009b8       0x38 Drivers/STM32F1xx_HAL_Driver/stm32f1xx_hal_rcc_ex.o
 .debug_ranges  0x000009f0      0x358 Drivers/STM32F1xx_HAL_Driver/stm32f1xx_hal_tim.o
 .debug_ranges  0x00000d48      0x128 Drivers/STM32F1xx_HAL_Driver/stm32f1xx_hal_tim_ex.o
 .debug_ranges  0x00000e70      0x1e0 Drivers/STM32F1xx_HAL_Driver/stm32f1xx_ll_usb.o
 .debug_ranges  0x00001050       0x80 Middlewares/USB_Device_Library/usbd_cdc.o
 .debug_ranges  0x000010d0       0xa8 Middlewares/USB_Device_Library/usbd_core.o
 .debug_ranges  0x00001178       0x78 Middlewares/USB_Device_Library/usbd_ctlreq.o
 .debug_ranges  0x000011f0       0x40 Middlewares/USB_Device_Library/usbd_ioreq.o

.debug_macro    0x00000000    0x1925f
 .debug_macro   0x00000000      0x3ba Application/User/main.o
 .debug_macro   0x000003ba      0xa60 Application/User/main.o
 .debug_macro   0x00000e1a       0x1c Application/User/main.o
 .debug_macro   0x00000e36      0x175 Application/User/main.o
 .debug_macro   0x00000fab       0x2e Application/User/main.o
 .debug_macro   0x00000fd9       0x22 Application/User/main.o
 .debug_macro   0x00000ffb       0x22 Application/User/main.o
 .debug_macro   0x0000101d       0x87 Application/User/main.o
 .debug_macro   0x000010a4       0x51 Application/User/main.o
 .debug_macro   0x000010f5       0xef Application/User/main.o
 .debug_macro   0x000011e4       0x6a Application/User/main.o
 .debug_macro   0x0000124e      0x1df Application/User/main.o
 .debug_macro   0x0000142d       0x34 Application/User/main.o
 .debug_macro   0x00001461       0x34 Application/User/main.o
 .debug_macro   0x00001495      0xb8e Application/User/main.o
 .debug_macro   0x00002023     0xe90a Application/User/main.o
 .debug_macro   0x0001092d       0x43 Application/User/main.o
 .debug_macro   0x00010970       0x58 Application/User/main.o
 .debug_macro   0x000109c8       0x17 Application/User/main.o
 .debug_macro   0x000109df       0x35 Application/User/main.o
 .debug_macro   0x00010a14       0x9c Application/User/main.o
 .debug_macro   0x00010ab0       0x16 Application/User/main.o
 .debug_macro   0x00010ac6       0x97 Application/User/main.o
 .debug_macro   0x00010b5d      0x330 Application/User/main.o
 .debug_macro   0x00010e8d       0xfd Application/User/main.o
 .debug_macro   0x00010f8a       0x10 Application/User/main.o
 .debug_macro   0x00010f9a       0x58 Application/User/main.o
 .debug_macro   0x00010ff2       0x1f Application/User/main.o
 .debug_macro   0x00011011       0x43 Application/User/main.o
 .debug_macro   0x00011054       0x20 Application/User/main.o
 .debug_macro   0x00011074      0x18e Application/User/main.o
 .debug_macro   0x00011202       0x10 Application/User/main.o
 .debug_macro   0x00011212       0x1c Application/User/main.o
 .debug_macro   0x0001122e       0x52 Application/User/main.o
 .debug_macro   0x00011280       0x40 Application/User/main.o
 .debug_macro   0x000112c0       0x10 Application/User/main.o
 .debug_macro   0x000112d0       0x40 Application/User/main.o
 .debug_macro   0x00011310       0xd7 Application/User/main.o
 .debug_macro   0x000113e7       0x1c Application/User/main.o
 .debug_macro   0x00011403       0x3d Application/User/main.o
 .debug_macro   0x00011440       0x16 Application/User/main.o
 .debug_macro   0x00011456      0x16f Application/User/main.o
 .debug_macro   0x000115c5       0x50 Application/User/main.o
 .debug_macro   0x00011615      0x5c2 Application/User/main.o
 .debug_macro   0x00011bd7      0x28a Application/User/main.o
 .debug_macro   0x00011e61      0x1cb Application/User/main.o
 .debug_macro   0x0001202c      0x11e Application/User/main.o
 .debug_macro   0x0001214a      0x1b3 Application/User/main.o
 .debug_macro   0x000122fd       0x27 Application/User/main.o
 .debug_macro   0x00012324      0x1bc Application/User/main.o
 .debug_macro   0x000124e0       0x34 Application/User/main.o
 .debug_macro   0x00012514       0x3c Application/User/main.o
 .debug_macro   0x00012550       0x57 Application/User/main.o
 .debug_macro   0x000125a7      0x46a Application/User/main.o
 .debug_macro   0x00012a11      0x1b5 Application/User/main.o
 .debug_macro   0x00012bc6       0x8c Application/User/main.o
 .debug_macro   0x00012c52      0x242 Application/User/main.o
 .debug_macro   0x00012e94      0x264 Application/User/main.o
 .debug_macro   0x000130f8      0x143 Application/User/main.o
 .debug_macro   0x0001323b      0x84c Application/User/main.o
 .debug_macro   0x00013a87       0x1f Application/User/main.o
 .debug_macro   0x00013aa6       0x50 Application/User/main.o
 .debug_macro   0x00013af6      0x26c Application/User/main.o
 .debug_macro   0x00013d62       0x83 Application/User/main.o
 .debug_macro   0x00013de5       0x16 Application/User/main.o
 .debug_macro   0x00013dfb       0x35 Application/User/main.o
 .debug_macro   0x00013e30       0x16 Application/User/main.o
 .debug_macro   0x00013e46       0x29 Application/User/main.o
 .debug_macro   0x00013e6f       0x16 Application/User/main.o
 .debug_macro   0x00013e85       0x6a Application/User/main.o
 .debug_macro   0x00013eef      0x1c3 Application/User/main.o
 .debug_macro   0x000140b2      0x32b Application/User/stm32f1xx_hal_msp.o
 .debug_macro   0x000143dd      0x335 Application/User/stm32f1xx_it.o
 .debug_macro   0x00014712      0x409 Application/User/usb_device.o
 .debug_macro   0x00014b1b       0x83 Application/User/usb_device.o
 .debug_macro   0x00014b9e      0x3f3 Application/User/usbd_cdc_if.o
 .debug_macro   0x00014f91       0x52 Application/User/usbd_cdc_if.o
 .debug_macro   0x00014fe3       0x8d Application/User/usbd_cdc_if.o
 .debug_macro   0x00015070       0x57 Application/User/usbd_cdc_if.o
 .debug_macro   0x000150c7      0x3eb Application/User/usbd_conf.o
 .debug_macro   0x000154b2      0x40c Application/User/usbd_desc.o
 .debug_macro   0x000158be      0x331 Drivers/CMSIS/system_stm32f1xx.o
 .debug_macro   0x00015bef      0x34f Drivers/STM32F1xx_HAL_Driver/stm32f1xx_hal.o
 .debug_macro   0x00015f3e      0x348 Drivers/STM32F1xx_HAL_Driver/stm32f1xx_hal_adc.o
 .debug_macro   0x00016286      0x32b Drivers/STM32F1xx_HAL_Driver/stm32f1xx_hal_cortex.o
 .debug_macro   0x000165b1      0x39b Drivers/STM32F1xx_HAL_Driver/stm32f1xx_hal_gpio.o
 .debug_macro   0x0001694c      0x36b Drivers/STM32F1xx_HAL_Driver/stm32f1xx_hal_i2c.o
 .debug_macro   0x00016cb7      0x337 Drivers/STM32F1xx_HAL_Driver/stm32f1xx_hal_pcd.o
 .debug_macro   0x00016fee      0x32b Drivers/STM32F1xx_HAL_Driver/stm32f1xx_hal_pcd_ex.o
 .debug_macro   0x00017319      0x33d Drivers/STM32F1xx_HAL_Driver/stm32f1xx_hal_rcc.o
 .debug_macro   0x00017656      0x32b Drivers/STM32F1xx_HAL_Driver/stm32f1xx_hal_rcc_ex.o
 .debug_macro   0x00017981      0x32b Drivers/STM32F1xx_HAL_Driver/stm32f1xx_hal_tim.o
 .debug_macro   0x00017cac      0x32b Drivers/STM32F1xx_HAL_Driver/stm32f1xx_hal_tim_ex.o
 .debug_macro   0x00017fd7      0x32b Drivers/STM32F1xx_HAL_Driver/stm32f1xx_ll_usb.o
 .debug_macro   0x00018302      0x3eb Middlewares/USB_Device_Library/usbd_cdc.o
 .debug_macro   0x000186ed      0x3d2 Middlewares/USB_Device_Library/usbd_core.o
 .debug_macro   0x00018abf      0x3d2 Middlewares/USB_Device_Library/usbd_ctlreq.o
 .debug_macro   0x00018e91      0x3ce Middlewares/USB_Device_Library/usbd_ioreq.o

.comment        0x00000000       0x7e
 .comment       0x00000000       0x7e Application/User/main.o
                                 0x7f (size before relaxing)
 .comment       0x0000007e       0x7f Application/User/stm32f1xx_hal_msp.o
 .comment       0x0000007e       0x7f Application/User/stm32f1xx_it.o
 .comment       0x0000007e       0x7f Application/User/usb_device.o
 .comment       0x0000007e       0x7f Application/User/usbd_cdc_if.o
 .comment       0x0000007e       0x7f Application/User/usbd_conf.o
 .comment       0x0000007e       0x7f Application/User/usbd_desc.o
 .comment       0x0000007e       0x7f Drivers/CMSIS/system_stm32f1xx.o
 .comment       0x0000007e       0x7f Drivers/STM32F1xx_HAL_Driver/stm32f1xx_hal.o
 .comment       0x0000007e       0x7f Drivers/STM32F1xx_HAL_Driver/stm32f1xx_hal_adc.o
 .comment       0x0000007e       0x7f Drivers/STM32F1xx_HAL_Driver/stm32f1xx_hal_cortex.o
 .comment       0x0000007e       0x7f Drivers/STM32F1xx_HAL_Driver/stm32f1xx_hal_gpio.o
 .comment       0x0000007e       0x7f Drivers/STM32F1xx_HAL_Driver/stm32f1xx_hal_i2c.o
 .comment       0x0000007e       0x7f Drivers/STM32F1xx_HAL_Driver/stm32f1xx_hal_pcd.o
 .comment       0x0000007e       0x7f Drivers/STM32F1xx_HAL_Driver/stm32f1xx_hal_pcd_ex.o
 .comment       0x0000007e       0x7f Drivers/STM32F1xx_HAL_Driver/stm32f1xx_hal_rcc.o
 .comment       0x0000007e       0x7f Drivers/STM32F1xx_HAL_Driver/stm32f1xx_hal_rcc_ex.o
 .comment       0x0000007e       0x7f Drivers/STM32F1xx_HAL_Driver/stm32f1xx_hal_tim.o
 .comment       0x0000007e       0x7f Drivers/STM32F1xx_HAL_Driver/stm32f1xx_hal_tim_ex.o
 .comment       0x0000007e       0x7f Drivers/STM32F1xx_HAL_Driver/stm32f1xx_ll_usb.o
 .comment       0x0000007e       0x7f Middlewares/USB_Device_Library/usbd_cdc.o
 .comment       0x0000007e       0x7f Middlewares/USB_Device_Library/usbd_core.o
 .comment       0x0000007e       0x7f Middlewares/USB_Device_Library/usbd_ctlreq.o
 .comment       0x0000007e       0x7f Middlewares/USB_Device_Library/usbd_ioreq.o

.debug_frame    0x00000000     0x2fd8
 .debug_frame   0x00000000       0xe8 Application/User/main.o
 .debug_frame   0x000000e8       0xe8 Application/User/stm32f1xx_hal_msp.o
 .debug_frame   0x000001d0       0xc0 Application/User/stm32f1xx_it.o
 .debug_frame   0x00000290       0x28 Application/User/usb_device.o
 .debug_frame   0x000002b8       0x78 Application/User/usbd_cdc_if.o
 .debug_frame   0x00000330      0x2dc Application/User/usbd_conf.o
 .debug_frame   0x0000060c       0xa8 Application/User/usbd_desc.o
 .debug_frame   0x000006b4       0x30 Drivers/CMSIS/system_stm32f1xx.o
 .debug_frame   0x000006e4      0x1ac Drivers/STM32F1xx_HAL_Driver/stm32f1xx_hal.o
 .debug_frame   0x00000890      0x2c4 Drivers/STM32F1xx_HAL_Driver/stm32f1xx_hal_adc.o
 .debug_frame   0x00000b54      0x12c Drivers/STM32F1xx_HAL_Driver/stm32f1xx_hal_cortex.o
 .debug_frame   0x00000c80       0xd4 Drivers/STM32F1xx_HAL_Driver/stm32f1xx_hal_gpio.o
 .debug_frame   0x00000d54      0x87c Drivers/STM32F1xx_HAL_Driver/stm32f1xx_hal_i2c.o
 .debug_frame   0x000015d0      0x300 Drivers/STM32F1xx_HAL_Driver/stm32f1xx_hal_pcd.o
 .debug_frame   0x000018d0       0x30 Drivers/STM32F1xx_HAL_Driver/stm32f1xx_hal_pcd_ex.o
 .debug_frame   0x00001900      0x174 Drivers/STM32F1xx_HAL_Driver/stm32f1xx_hal_rcc.o
 .debug_frame   0x00001a74       0x6c Drivers/STM32F1xx_HAL_Driver/stm32f1xx_hal_rcc_ex.o
 .debug_frame   0x00001ae0      0x9e0 Drivers/STM32F1xx_HAL_Driver/stm32f1xx_hal_tim.o
 .debug_frame   0x000024c0      0x374 Drivers/STM32F1xx_HAL_Driver/stm32f1xx_hal_tim_ex.o
 .debug_frame   0x00002834      0x23c Drivers/STM32F1xx_HAL_Driver/stm32f1xx_ll_usb.o
 .debug_frame   0x00002a70      0x14c Middlewares/USB_Device_Library/usbd_cdc.o
 .debug_frame   0x00002bbc      0x1bc Middlewares/USB_Device_Library/usbd_core.o
 .debug_frame   0x00002d78      0x17c Middlewares/USB_Device_Library/usbd_ctlreq.o
 .debug_frame   0x00002ef4       0xb8 Middlewares/USB_Device_Library/usbd_ioreq.o
 .debug_frame   0x00002fac       0x2c d:/tools/systemworkbench/plugins/fr.ac6.mcu.externaltools.arm-none.win32_1.16.0.201807130628/tools/compiler/bin/../lib/gcc/arm-none-eabi/7.2.1/../../../../arm-none-eabi/lib/thumb/v7-m\libc_nano.a(lib_a-init.o)

.debug_loc      0x00000000     0xd69e
 .debug_loc     0x00000000      0x17a Application/User/stm32f1xx_hal_msp.o
 .debug_loc     0x0000017a      0x113 Application/User/usbd_cdc_if.o
 .debug_loc     0x0000028d      0xb53 Application/User/usbd_conf.o
 .debug_loc     0x00000de0      0x2b7 Application/User/usbd_desc.o
 .debug_loc     0x00001097       0xdf Drivers/CMSIS/system_stm32f1xx.o
 .debug_loc     0x00001176       0xfd Drivers/STM32F1xx_HAL_Driver/stm32f1xx_hal.o
 .debug_loc     0x00001273      0x9fa Drivers/STM32F1xx_HAL_Driver/stm32f1xx_hal_adc.o
 .debug_loc     0x00001c6d      0x5ad Drivers/STM32F1xx_HAL_Driver/stm32f1xx_hal_cortex.o
 .debug_loc     0x0000221a      0x44e Drivers/STM32F1xx_HAL_Driver/stm32f1xx_hal_gpio.o
 .debug_loc     0x00002668     0x31db Drivers/STM32F1xx_HAL_Driver/stm32f1xx_hal_i2c.o
 .debug_loc     0x00005843      0xa6c Drivers/STM32F1xx_HAL_Driver/stm32f1xx_hal_pcd.o
 .debug_loc     0x000062af       0xf4 Drivers/STM32F1xx_HAL_Driver/stm32f1xx_hal_pcd_ex.o
 .debug_loc     0x000063a3      0x4f6 Drivers/STM32F1xx_HAL_Driver/stm32f1xx_hal_rcc.o
 .debug_loc     0x00006899      0x2d0 Drivers/STM32F1xx_HAL_Driver/stm32f1xx_hal_rcc_ex.o
 .debug_loc     0x00006b69     0x367a Drivers/STM32F1xx_HAL_Driver/stm32f1xx_hal_tim.o
 .debug_loc     0x0000a1e3      0xf9e Drivers/STM32F1xx_HAL_Driver/stm32f1xx_hal_tim_ex.o
 .debug_loc     0x0000b181      0xc0d Drivers/STM32F1xx_HAL_Driver/stm32f1xx_ll_usb.o
 .debug_loc     0x0000bd8e      0x4a4 Middlewares/USB_Device_Library/usbd_cdc.o
 .debug_loc     0x0000c232      0x6f8 Middlewares/USB_Device_Library/usbd_core.o
 .debug_loc     0x0000c92a      0xb38 Middlewares/USB_Device_Library/usbd_ctlreq.o
 .debug_loc     0x0000d462      0x23c Middlewares/USB_Device_Library/usbd_ioreq.o
